Archive member included to satisfy reference by file (symbol)

C:\Users\Mati\Documents\proyectosSTM32\signal_classifier_rtos\signal_classifier_rtos\nanoEdgeAI\lib\libneai.a(neai_entry.o)
                              ./Core/Src/app_freertos.o (neai_classification_init)
C:\Users\Mati\Documents\proyectosSTM32\signal_classifier_rtos\signal_classifier_rtos\nanoEdgeAI\lib\libneai.a(preproc_params.o)
                              C:\Users\Mati\Documents\proyectosSTM32\signal_classifier_rtos\signal_classifier_rtos\nanoEdgeAI\lib\libneai.a(neai_entry.o) (preprocessing_context_init)
C:\Users\Mati\Documents\proyectosSTM32\signal_classifier_rtos\signal_classifier_rtos\nanoEdgeAI\lib\libneai.a(preprocessing_chain.o)
                              C:\Users\Mati\Documents\proyectosSTM32\signal_classifier_rtos\signal_classifier_rtos\nanoEdgeAI\lib\libneai.a(neai_entry.o) (preprocessing_chain_execute)
C:\Users\Mati\Documents\proyectosSTM32\signal_classifier_rtos\signal_classifier_rtos\nanoEdgeAI\lib\libneai.a(short_time_fft.o)
                              C:\Users\Mati\Documents\proyectosSTM32\signal_classifier_rtos\signal_classifier_rtos\nanoEdgeAI\lib\libneai.a(preprocessing_chain.o) (apply_stft_from_interleaved)
C:\Users\Mati\Documents\proyectosSTM32\signal_classifier_rtos\signal_classifier_rtos\nanoEdgeAI\lib\libneai.a(stft_params.o)
                              C:\Users\Mati\Documents\proyectosSTM32\signal_classifier_rtos\signal_classifier_rtos\nanoEdgeAI\lib\libneai.a(preproc_params.o) (fft_index)
C:\Users\Mati\Documents\proyectosSTM32\signal_classifier_rtos\signal_classifier_rtos\nanoEdgeAI\lib\libneai.a(svm.o)
                              C:\Users\Mati\Documents\proyectosSTM32\signal_classifier_rtos\signal_classifier_rtos\nanoEdgeAI\lib\libneai.a(neai_entry.o) (svm_init)
C:\Users\Mati\Documents\proyectosSTM32\signal_classifier_rtos\signal_classifier_rtos\nanoEdgeAI\lib\libneai.a(svm_model.o)
                              C:\Users\Mati\Documents\proyectosSTM32\signal_classifier_rtos\signal_classifier_rtos\nanoEdgeAI\lib\libneai.a(neai_entry.o) (svm_model_knowledge)
C:\Users\Mati\Documents\proyectosSTM32\signal_classifier_rtos\signal_classifier_rtos\nanoEdgeAI\lib\libneai.a(window_functions.o)
                              C:\Users\Mati\Documents\proyectosSTM32\signal_classifier_rtos\signal_classifier_rtos\nanoEdgeAI\lib\libneai.a(short_time_fft.o) (apply_window_function)
C:\Users\Mati\Documents\proyectosSTM32\signal_classifier_rtos\signal_classifier_rtos\nanoEdgeAI\lib\libneai.a(class_names.o)
                              C:\Users\Mati\Documents\proyectosSTM32\signal_classifier_rtos\signal_classifier_rtos\nanoEdgeAI\lib\libneai.a(neai_entry.o) (neai_class_names)
C:\Users\Mati\Documents\proyectosSTM32\signal_classifier_rtos\signal_classifier_rtos\nanoEdgeAI\lib\libneai.a(cmsis_signal_ops.o)
                              C:\Users\Mati\Documents\proyectosSTM32\signal_classifier_rtos\signal_classifier_rtos\nanoEdgeAI\lib\libneai.a(window_functions.o) (signal_mult_f32)
C:\Users\Mati\Documents\proyectosSTM32\signal_classifier_rtos\signal_classifier_rtos\nanoEdgeAI\lib\libneai.a(fft_utils.o)
                              C:\Users\Mati\Documents\proyectosSTM32\signal_classifier_rtos\signal_classifier_rtos\nanoEdgeAI\lib\libneai.a(short_time_fft.o) (convert_to_frequency_domain_normalized)
C:\Users\Mati\Documents\proyectosSTM32\signal_classifier_rtos\signal_classifier_rtos\nanoEdgeAI\lib\libneai.a(neai_math.o)
                              C:\Users\Mati\Documents\proyectosSTM32\signal_classifier_rtos\signal_classifier_rtos\nanoEdgeAI\lib\libneai.a(svm.o) (lm_dot_prod_f32)
C:\Users\Mati\Documents\proyectosSTM32\signal_classifier_rtos\signal_classifier_rtos\nanoEdgeAI\lib\libneai.a(pca.o)
                              C:\Users\Mati\Documents\proyectosSTM32\signal_classifier_rtos\signal_classifier_rtos\nanoEdgeAI\lib\libneai.a(preprocessing_chain.o) (apply_pca)
C:\Users\Mati\Documents\proyectosSTM32\signal_classifier_rtos\signal_classifier_rtos\nanoEdgeAI\lib\libneai.a(pca_params.o)
                              C:\Users\Mati\Documents\proyectosSTM32\signal_classifier_rtos\signal_classifier_rtos\nanoEdgeAI\lib\libneai.a(preproc_params.o) (g_pca_n_components)
C:\Users\Mati\Documents\proyectosSTM32\signal_classifier_rtos\signal_classifier_rtos\nanoEdgeAI\lib\libneai.a(arm_cmplx_mag_f32.o)
                              C:\Users\Mati\Documents\proyectosSTM32\signal_classifier_rtos\signal_classifier_rtos\nanoEdgeAI\lib\libneai.a(cmsis_signal_ops.o) (neai_arm_cmplx_mag_f32)
C:\Users\Mati\Documents\proyectosSTM32\signal_classifier_rtos\signal_classifier_rtos\nanoEdgeAI\lib\libneai.a(arm_dot_prod_f32.o)
                              C:\Users\Mati\Documents\proyectosSTM32\signal_classifier_rtos\signal_classifier_rtos\nanoEdgeAI\lib\libneai.a(cmsis_signal_ops.o) (neai_arm_dot_prod_f32)
C:\Users\Mati\Documents\proyectosSTM32\signal_classifier_rtos\signal_classifier_rtos\nanoEdgeAI\lib\libneai.a(arm_max_f32.o)
[...]
Memory Configuration

Name             Origin             Length             Attributes
RAM              0x20000000         0x000c0000         xrw
SRAM4            0x28000000         0x00004000         xrw
FLASH            0x08000000         0x00200000         xr
*default*        0x00000000         0xffffffff

Linker script and memory map

LOAD D:/Programas/STM32CubeIDE_2.1.0/STM32CubeIDE/plugins/com.st.stm32cube.ide.mcu.externaltools.gnu-tools-for-stm32.14.3.rel1.win32_1.0.100.202602081740/tools/bin/../lib/gcc/arm-none-eabi/14.3.1/thumb/v8-m.main+fp/hard/crti.o
LOAD D:/Programas/STM32CubeIDE_2.1.0/STM32CubeIDE/plugins/com.st.stm32cube.ide.mcu.externaltools.gnu-tools-for-stm32.14.3.rel1.win32_1.0.100.202602081740/tools/bin/../lib/gcc/arm-none-eabi/14.3.1/thumb/v8-m.main+fp/hard/crtbegin.o
LOAD D:/Programas/STM32CubeIDE_2.1.0/STM32CubeIDE/plugins/com.st.stm32cube.ide.mcu.externaltools.gnu-tools-for-stm32.14.3.rel1.win32_1.0.100.202602081740/tools/bin/../lib/gcc/arm-none-eabi/14.3.1/../../../../arm-none-eabi/lib/thumb/v8-m.main+fp/hard/crt0.o
LOAD ./Core/Src/app_freertos.o
LOAD ./Core/Src/main.o
LOAD ./Core/Src/stm32u5xx_hal_msp.o
LOAD ./Core/Src/stm32u5xx_hal_timebase_tim.o
LOAD ./Core/Src/stm32u5xx_it.o
LOAD ./Core/Src/syscalls.o
LOAD ./Core/Src/sysmem.o
LOAD ./Core/Src/system_stm32u5xx.o
LOAD ./Core/Startup/startup_stm32u575zitxq.o
LOAD ./Drivers/BSP/STM32U5xx_Nucleo/stm32u5xx_nucleo.o
LOAD ./Drivers/STM32U5xx_HAL_Driver/Src/stm32u5xx_hal.o
LOAD ./Drivers/STM32U5xx_HAL_Driver/Src/stm32u5xx_hal_adc.o
LOAD ./Drivers/STM32U5xx_HAL_Driver/Src/stm32u5xx_hal_adc_ex.o
LOAD ./Drivers/STM32U5xx_HAL_Driver/Src/stm32u5xx_hal_cortex.o
LOAD ./Drivers/STM32U5xx_HAL_Driver/Src/stm32u5xx_hal_dac.o
LOAD ./Drivers/STM32U5xx_HAL_Driver/Src/stm32u5xx_hal_dac_ex.o
LOAD ./Drivers/STM32U5xx_HAL_Driver/Src/stm32u5xx_hal_dma.o
LOAD ./Drivers/STM32U5xx_HAL_Driver/Src/stm32u5xx_hal_dma_ex.o
LOAD ./Drivers/STM32U5xx_HAL_Driver/Src/stm32u5xx_hal_exti.o
LOAD ./Drivers/STM32U5xx_HAL_Driver/Src/stm32u5xx_hal_flash.o
LOAD ./Drivers/STM32U5xx_HAL_Driver/Src/stm32u5xx_hal_flash_ex.o
LOAD ./Drivers/STM32U5xx_HAL_Driver/Src/stm32u5xx_hal_gpio.o
LOAD ./Drivers/STM32U5xx_HAL_Driver/Src/stm32u5xx_hal_gtzc.o
LOAD ./Drivers/STM32U5xx_HAL_Driver/Src/stm32u5xx_hal_i2c.o
LOAD ./Drivers/STM32U5xx_HAL_Driver/Src/stm32u5xx_hal_i2c_ex.o
LOAD ./Drivers/STM32U5xx_HAL_Driver/Src/stm32u5xx_hal_icache.o
LOAD ./Drivers/STM32U5xx_HAL_Driver/Src/stm32u5xx_hal_pwr.o
LOAD ./Drivers/STM32U5xx_HAL_Driver/Src/stm32u5xx_hal_pwr_ex.o
LOAD ./Drivers/STM32U5xx_HAL_Driver/Src/stm32u5xx_hal_rcc.o
LOAD ./Drivers/STM32U5xx_HAL_Driver/Src/stm32u5xx_hal_rcc_ex.o
LOAD ./Drivers/STM32U5xx_HAL_Driver/Src/stm32u5xx_hal_rng.o
LOAD ./Drivers/STM32U5xx_HAL_Driver/Src/stm32u5xx_hal_rng_ex.o
LOAD ./Drivers/STM32U5xx_HAL_Driver/Src/stm32u5xx_hal_tim.o
LOAD ./Drivers/STM32U5xx_HAL_Driver/Src/stm32u5xx_hal_tim_ex.o
LOAD ./Drivers/STM32U5xx_HAL_Driver/Src/stm32u5xx_hal_uart.o
LOAD ./Drivers/STM32U5xx_HAL_Driver/Src/stm32u5xx_hal_uart_ex.o
LOAD ./Drivers/STM32U5xx_HAL_Driver/Src/stm32u5xx_hal_usart.o
LOAD ./Drivers/STM32U5xx_HAL_Driver/Src/stm32u5xx_hal_usart_ex.o
LOAD ./Middlewares/Third_Party/FreeRTOS/Source/CMSIS_RTOS_V2/cmsis_os2.o
LOAD ./Middlewares/Third_Party/FreeRTOS/Source/croutine.o
LOAD ./Middlewares/Third_Party/FreeRTOS/Source/event_groups.o
LOAD ./Middlewares/Third_Party/FreeRTOS/Source/list.o
LOAD ./Middlewares/Third_Party/FreeRTOS/Source/queue.o
LOAD ./Middlewares/Third_Party/FreeRTOS/Source/stream_buffer.o
LOAD ./Middlewares/Third_Party/FreeRTOS/Source/tasks.o
LOAD ./Middlewares/Third_Party/FreeRTOS/Source/timers.o
LOAD ./Middlewares/Third_Party/FreeRTOS/Source/portable/GCC/ARM_CM33_NTZ/non_secure/port.o
LOAD ./Middlewares/Third_Party/FreeRTOS/Source/portable/GCC/ARM_CM33_NTZ/non_secure/portasm.o
LOAD ./Middlewares/Third_Party/FreeRTOS/Source/portable/MemMang/heap_1.o
LOAD C:\Users\Mati\Documents\proyectosSTM32\signal_classifier_rtos\signal_classifier_rtos\nanoEdgeAI\lib\libneai.a
START GROUP
LOAD D:/Programas/STM32CubeIDE_2.1.0/STM32CubeIDE/plugins/com.st.stm32cube.ide.mcu.externaltools.gnu-tools-for-stm32.14.3.rel1.win32_1.0.100.202602081740/tools/bin/../lib/gcc/arm-none-eabi/14.3.1/../../../../arm-none-eabi/lib/thumb/v8-m.main+fp/hard\libc_nano.a
LOAD D:/Programas/STM32CubeIDE_2.1.0/STM32CubeIDE/plugins/com.st.stm32cube.ide.mcu.externaltools.gnu-tools-for-stm32.14.3.rel1.win32_1.0.100.202602081740/tools/bin/../lib/gcc/arm-none-eabi/14.3.1/../../../../arm-none-eabi/lib/thumb/v8-m.main+fp/hard\libm.a
END GROUP
START GROUP
LOAD D:/Programas/STM32CubeIDE_2.1.0/STM32CubeIDE/plugins/com.st.stm32cube.ide.mcu.externaltools.gnu-tools-for-stm32.14.3.rel1.win32_1.0.100.202602081740/tools/bin/../lib/gcc/arm-none-eabi/14.3.1/thumb/v8-m.main+fp/hard\libgcc.a
LOAD D:/Programas/STM32CubeIDE_2.1.0/STM32CubeIDE/plugins/com.st.stm32cube.ide.mcu.externaltools.gnu-tools-for-stm32.14.3.rel1.win32_1.0.100.202602081740/tools/bin/../lib/gcc/arm-none-eabi/14.3.1/../../../../arm-none-eabi/lib/thumb/v8-m.main+fp/hard\libc_nano.a
END GROUP
START GROUP
LOAD D:/Programas/STM32CubeIDE_2.1.0/STM32CubeIDE/plugins/com.st.stm32cube.ide.mcu.externaltools.gnu-tools-for-stm32.14.3.rel1.win32_1.0.100.202602081740/tools/bin/../lib/gcc/arm-none-eabi/14.3.1/thumb/v8-m.main+fp/hard\libgcc.a
LOAD D:/Programas/STM32CubeIDE_2.1.0/STM32CubeIDE/plugins/com.st.stm32cube.ide.mcu.externaltools.gnu-tools-for-stm32.14.3.rel1.win32_1.0.100.202602081740/tools/bin/../lib/gcc/arm-none-eabi/14.3.1/../../../../arm-none-eabi/lib/thumb/v8-m.main+fp/hard\libc_nano.a
LOAD D:/Programas/STM32CubeIDE_2.1.0/STM32CubeIDE/plugins/com.st.stm32cube.ide.mcu.externaltools.gnu-tools-for-stm32.14.3.rel1.win32_1.0.100.202602081740/tools/bin/../lib/gcc/arm-none-eabi/14.3.1/../../../../arm-none-eabi/lib/thumb/v8-m.main+fp/hard\libnosys.a
END GROUP
START GROUP
LOAD D:/Programas/STM32CubeIDE_2.1.0/STM32CubeIDE/plugins/com.st.stm32cube.ide.mcu.externaltools.gnu-tools-for-stm32.14.3.rel1.win32_1.0.100.202602081740/tools/bin/../lib/gcc/arm-none-eabi/14.3.1/thumb/v8-m.main+fp/hard\libgcc.a
LOAD D:/Programas/STM32CubeIDE_2.1.0/STM32CubeIDE/plugins/com.st.stm32cube.ide.mcu.externaltools.gnu-tools-for-stm32.14.3.rel1.win32_1.0.100.202602081740/tools/bin/../lib/gcc/arm-none-eabi/14.3.1/../../../../arm-none-eabi/lib/thumb/v8-m.main+fp/hard\libc_nano.a
LOAD D:/Programas/STM32CubeIDE_2.1.0/STM32CubeIDE/plugins/com.st.stm32cube.ide.mcu.externaltools.gnu-tools-for-stm32.14.3.rel1.win32_1.0.100.202602081740/tools/bin/../lib/gcc/arm-none-eabi/14.3.1/../../../../arm-none-eabi/lib/thumb/v8-m.main+fp/hard\libnosys.a
END GROUP
LOAD D:/Programas/STM32CubeIDE_2.1.0/STM32CubeIDE/plugins/com.st.stm32cube.ide.mcu.externaltools.gnu-tools-for-stm32.14.3.rel1.win32_1.0.100.202602081740/tools/bin/../lib/gcc/arm-none-eabi/14.3.1/thumb/v8-m.main+fp/hard/crtend.o
LOAD D:/Programas/STM32CubeIDE_2.1.0/STM32CubeIDE/plugins/com.st.stm32cube.ide.mcu.externaltools.gnu-tools-for-stm32.14.3.rel1.win32_1.0.100.202602081740/tools/bin/../lib/gcc/arm-none-eabi/14.3.1/thumb/v8-m.main+fp/hard/crtn.o
                0x200c0000                        _estack = (ORIGIN (RAM) + LENGTH (RAM))
                0x200bfc00                        _sstack = (_estack - _Min_Stack_Size)
                0x00000200                        _Min_Heap_Size = 0x200
                0x00000400                        _Min_Stack_Size = 0x400

.isr_vector     0x08000000      0x238
 *(.isr_vector)
 .isr_vector    0x08000000      0x238 ./Core/Startup/startup_stm32u575zitxq.o
                0x08000000                g_pfnVectors

.text           0x08000238    0x11ed4
 *(.text)
 .text          0x08000238       0x40 D:/Programas/STM32CubeIDE_2.1.0/STM32CubeIDE/plugins/com.st.stm32cube.ide.mcu.externaltools.gnu-tools-for-stm32.14.3.rel1.win32_1.0.100.202602081740/tools/bin/../lib/gcc/arm-none-eabi/14.3.1/thumb/v8-m.main+fp/hard/crtbegin.o
 .text          0x08000278       0x14 D:/Programas/STM32CubeIDE_2.1.0/STM32CubeIDE/plugins/com.st.stm32cube.ide.mcu.externaltools.gnu-tools-for-stm32.14.3.rel1.win32_1.0.100.202602081740/tools/bin/../lib/gcc/arm-none-eabi/14.3.1/../../../../arm-none-eabi/lib/thumb/v8-m.main+fp/hard\libc_nano.a(libc_a-strcmp.o)
                0x08000278                strcmp
 .text          0x0800028c       0x30 D:/Programas/STM32CubeIDE_2.1.0/STM32CubeIDE/plugins/com.st.stm32cube.ide.mcu.externaltools.gnu-tools-for-stm32.14.3.rel1.win32_1.0.100.202602081740/tools/bin/../lib/gcc/arm-none-eabi/14.3.1/thumb/v8-m.main+fp/hard\libgcc.a(_aeabi_uldivmod.o)
                0x0800028c                __aeabi_uldivmod
 .text          0x080002bc      0x34c D:/Programas/STM32CubeIDE_2.1.0/STM32CubeIDE/plugins/com.st.stm32cube.ide.mcu.externaltools.gnu-tools-for-stm32.14.3.rel1.win32_1.0.100.202602081740/tools/bin/../lib/gcc/arm-none-eabi/14.3.1/thumb/v8-m.main+fp/hard\libgcc.a(_udivmoddi4.o)
                0x080002bc                __udivmoddi4
 .text          0x08000608        0x4 D:/Programas/STM32CubeIDE_2.1.0/STM32CubeIDE/plugins/com.st.stm32cube.ide.mcu.externaltools.gnu-tools-for-stm32.14.3.rel1.win32_1.0.100.202602081740/tools/bin/../lib/gcc/arm-none-eabi/14.3.1/thumb/v8-m.main+fp/hard\libgcc.a(_dvmd_tls.o)
                0x08000608                __aeabi_idiv0
                0x08000608                __aeabi_ldiv0
 *(.text*)
 .text.getTIMER_DAC
                0x0800060c       0x2c ./Core/Src/app_freertos.o
                0x0800060c                getTIMER_DAC
 .text.getRandom
                0x08000638       0x44 ./Core/Src/app_freertos.o
                0x08000638                getRandom
 .text.addNoise
                0x0800067c       0x64 ./Core/Src/app_freertos.o
                0x0800067c                addNoise
 .text.generateSignalsWithNoise
                0x080006e0       0x7c ./Core/Src/app_freertos.o
                0x080006e0                generateSignalsWithNoise
 .text.MX_FREERTOS_Init
                0x0800075c       0x98 ./Core/Src/app_freertos.o
                0x0800075c                MX_FREERTOS_Init
 .text.StartDefaultTask
                0x080007f4       0x10 ./Core/Src/app_freertos.o
                0x080007f4                StartDefaultTask
 .text.StartBlinkyTask
                0x08000804       0x1a ./Core/Src/app_freertos.o
                0x08000804                StartBlinkyTask
 *fill*         0x0800081e        0x2 
 .text.StartUartTask
                0x08000820      0x2e0 ./Core/Src/app_freertos.o
                0x08000820                StartUartTask
 .text.uart_getchar_timeout
                0x08000b00       0x38 ./Core/Src/app_freertos.o
 .text.StartDacTask
                0x08000b38      0x110 ./Core/Src/app_freertos.o
                0x08000b38                StartDacTask
 .text.StartAdcTask
                0x08000c48       0xd0 ./Core/Src/app_freertos.o
                0x08000c48                StartAdcTask
 .text.procesar_adc
                0x08000d18       0x58 ./Core/Src/app_freertos.o
                0x08000d18                procesar_adc
 .text.HAL_ADC_ConvHalfCpltCallback
                0x08000d70       0x58 ./Core/Src/app_freertos.o
                0x08000d70                HAL_ADC_ConvHalfCpltCallback
 .text.HAL_ADC_ConvCpltCallback
                0x08000dc8       0x58 ./Core/Src/app_freertos.o
                0x08000dc8                HAL_ADC_ConvCpltCallback
 .text._read    0x08000e20       0x48 ./Core/Src/main.o
                0x08000e20                _read
 .text.main     0x08000e68       0x90 ./Core/Src/main.o
                0x08000e68                main
 .text.SystemClock_Config
                0x08000ef8       0xae ./Core/Src/main.o
                0x08000ef8                SystemClock_Config
 .text.SystemPower_Config
                0x08000fa6       0x1c ./Core/Src/main.o
 *fill*         0x08000fc2        0x2 
 .text.MX_ADC1_Init
                0x08000fc4       0xdc ./Core/Src/main.o
 .text.MX_DAC1_Init
                0x080010a0       0x90 ./Core/Src/main.o
 .text.MX_GPDMA1_Init
                0x08001130       0x50 ./Core/Src/main.o
 .text.MX_ICACHE_Init
                0x08001180       0x26 ./Core/Src/main.o
 *fill*         0x080011a6        0x2 
 .text.MX_RNG_Init
                0x080011a8       0x2c ./Core/Src/main.o
 .text.MX_TIM2_Init
                0x080011d4       0x98 ./Core/Src/main.o
 .text.MX_TIM15_Init
                0x0800126c       0xa0 ./Core/Src/main.o
 .text.MX_GPIO_Init
                0x0800130c       0xa4 ./Core/Src/main.o
 .text.HAL_TIM_PeriodElapsedCallback
                0x080013b0       0x24 ./Core/Src/main.o
                0x080013b0                HAL_TIM_PeriodElapsedCallback
 .text.Error_Handler
                0x080013d4        0xc ./Core/Src/main.o
                0x080013d4                Error_Handler
 .text.HAL_MspInit
                0x080013e0       0x40 ./Core/Src/stm32u5xx_hal_msp.o
                0x080013e0                HAL_MspInit
 .text.HAL_ADC_MspInit
                0x08001420      0x244 ./Core/Src/stm32u5xx_hal_msp.o
                0x08001420                HAL_ADC_MspInit
 .text.HAL_DAC_MspInit
                0x08001664      0x254 ./Core/Src/stm32u5xx_hal_msp.o
                0x08001664                HAL_DAC_MspInit
 .text.HAL_RNG_MspInit
                0x080018b8       0x74 ./Core/Src/stm32u5xx_hal_msp.o
                0x080018b8                HAL_RNG_MspInit
 .text.HAL_TIM_Base_MspInit
                0x0800192c       0x7c ./Core/Src/stm32u5xx_hal_msp.o
                0x0800192c                HAL_TIM_Base_MspInit
 .text.HAL_InitTick
                0x080019a8       0xe0 ./Core/Src/stm32u5xx_hal_timebase_tim.o
                0x080019a8                HAL_InitTick
 .text.NMI_Handler
                0x08001a88        0x8 ./Core/Src/stm32u5xx_it.o
                0x08001a88                NMI_Handler
 .text.HardFault_Handler
                0x08001a90        0x8 ./Core/Src/stm32u5xx_it.o
                0x08001a90                HardFault_Handler
 .text.MemManage_Handler
                0x08001a98        0x8 ./Core/Src/stm32u5xx_it.o
                0x08001a98                MemManage_Handler
 .text.BusFault_Handler
                0x08001aa0        0x8 ./Core/Src/stm32u5xx_it.o
                0x08001aa0                BusFault_Handler
 .text.UsageFault_Handler
                0x08001aa8        0x8 ./Core/Src/stm32u5xx_it.o
                0x08001aa8                UsageFault_Handler
 .text.DebugMon_Handler
                0x08001ab0        0xe ./Core/Src/stm32u5xx_it.o
                0x08001ab0                DebugMon_Handler
 .text.EXTI13_IRQHandler
                0x08001abe        0xe ./Core/Src/stm32u5xx_it.o
                0x08001abe                EXTI13_IRQHandler
 .text.GPDMA1_Channel0_IRQHandler
                0x08001acc       0x14 ./Core/Src/stm32u5xx_it.o
                0x08001acc                GPDMA1_Channel0_IRQHandler
 .text.GPDMA1_Channel1_IRQHandler
                0x08001ae0       0x14 ./Core/Src/stm32u5xx_it.o
                0x08001ae0                GPDMA1_Channel1_IRQHandler
 .text.TIM2_IRQHandler
                0x08001af4       0x14 ./Core/Src/stm32u5xx_it.o
                0x08001af4                TIM2_IRQHandler
 .text.TIM6_IRQHandler
                0x08001b08       0x14 ./Core/Src/stm32u5xx_it.o
                0x08001b08                TIM6_IRQHandler
 .text._write   0x08001b1c       0x38 ./Core/Src/syscalls.o
                0x08001b1c                _write
 .text._close   0x08001b54       0x18 ./Core/Src/syscalls.o
                0x08001b54                _close
 .text._fstat   0x08001b6c       0x20 ./Core/Src/syscalls.o
                0x08001b6c                _fstat
 .text._isatty  0x08001b8c       0x16 ./Core/Src/syscalls.o
                0x08001b8c                _isatty
 .text._lseek   0x08001ba2       0x1a ./Core/Src/syscalls.o
                0x08001ba2                _lseek
 .text._sbrk    0x08001bbc       0x6c ./Core/Src/sysmem.o
                0x08001bbc                _sbrk
 .text.SystemInit
                0x08001c28       0x70 ./Core/Src/system_stm32u5xx.o
                0x08001c28                SystemInit
 .text.Reset_Handler
                0x08001c98       0x50 ./Core/Startup/startup_stm32u575zitxq.o
                0x08001c98                Reset_Handler
 .text.Default_Handler
                0x08001ce8        0x2 ./Core/Startup/startup_stm32u575zitxq.o
                0x08001ce8                EXTI2_IRQHandler
                0x08001ce8                TIM8_TRG_COM_IRQHandler
                0x08001ce8                TIM8_CC_IRQHandler
                0x08001ce8                EXTI5_IRQHandler
                0x08001ce8                FLASH_S_IRQHandler
                0x08001ce8                TIM1_CC_IRQHandler
                0x08001ce8                TSC_IRQHandler
                0x08001ce8                TAMP_IRQHandler
                0x08001ce8                EXTI12_IRQHandler
                0x08001ce8                CORDIC_IRQHandler
                0x08001ce8                EXTI3_IRQHandler
                0x08001ce8                LPTIM4_IRQHandler
                0x08001ce8                GPDMA1_Channel5_IRQHandler
                0x08001ce8                EXTI8_IRQHandler
                0x08001ce8                LPTIM2_IRQHandler
                0x08001ce8                I2C3_ER_IRQHandler
                0x08001ce8                PWR_S3WU_IRQHandler
                0x08001ce8                MDF1_FLT2_IRQHandler
                0x08001ce8                LPDMA1_Channel3_IRQHandler
                0x08001ce8                LPTIM3_IRQHandler
                0x08001ce8                EXTI0_IRQHandler
                0x08001ce8                I2C2_EV_IRQHandler
                0x08001ce8                FPU_IRQHandler
                0x08001ce8                GPDMA1_Channel3_IRQHandler
                0x08001ce8                GPDMA1_Channel7_IRQHandler
                0x08001ce8                MDF1_FLT4_IRQHandler
                0x08001ce8                FDCAN1_IT1_IRQHandler
                0x08001ce8                RAMCFG_IRQHandler
                0x08001ce8                GPDMA1_Channel9_IRQHandler
                0x08001ce8                DCACHE1_IRQHandler
                0x08001ce8                SPI1_IRQHandler
                0x08001ce8                OCTOSPI1_IRQHandler
                0x08001ce8                GPDMA1_Channel2_IRQHandler
                0x08001ce8                TIM8_UP_IRQHandler
                0x08001ce8                RCC_S_IRQHandler
                0x08001ce8                OCTOSPI2_IRQHandler
                0x08001ce8                SAI2_IRQHandler
                0x08001ce8                MDF1_FLT1_IRQHandler
                0x08001ce8                ADC1_IRQHandler
                0x08001ce8                MDF1_FLT5_IRQHandler
                0x08001ce8                EXTI15_IRQHandler
                0x08001ce8                TIM17_IRQHandler
                0x08001ce8                USART3_IRQHandler
                0x08001ce8                RTC_IRQHandler
                0x08001ce8                EXTI9_IRQHandler
                0x08001ce8                UART5_IRQHandler
                0x08001ce8                TIM4_IRQHandler
                0x08001ce8                I2C1_EV_IRQHandler
                0x08001ce8                GPDMA1_Channel12_IRQHandler
                0x08001ce8                TIM16_IRQHandler
                0x08001ce8                GPDMA1_Channel15_IRQHandler
                0x08001ce8                UART4_IRQHandler
                0x08001ce8                SecureFault_Handler
                0x08001ce8                TIM3_IRQHandler
                0x08001ce8                RCC_IRQHandler
                0x08001ce8                TIM1_TRG_COM_IRQHandler
                0x08001ce8                Default_Handler
                0x08001ce8                GPDMA1_Channel8_IRQHandler
                0x08001ce8                FMAC_IRQHandler
                0x08001ce8                GPDMA1_Channel11_IRQHandler
                0x08001ce8                TIM7_IRQHandler
                0x08001ce8                SDMMC1_IRQHandler
                0x08001ce8                TIM5_IRQHandler
                0x08001ce8                UCPD1_IRQHandler
                0x08001ce8                TIM15_IRQHandler
                0x08001ce8                I2C3_EV_IRQHandler
                0x08001ce8                LPDMA1_Channel0_IRQHandler
                0x08001ce8                PVD_PVM_IRQHandler
                0x08001ce8                SPI2_IRQHandler
                0x08001ce8                LPDMA1_Channel1_IRQHandler
                0x08001ce8                EXTI14_IRQHandler
                0x08001ce8                EXTI11_IRQHandler
                0x08001ce8                CRS_IRQHandler
                0x08001ce8                GPDMA1_Channel14_IRQHandler
                0x08001ce8                LSECSSD_IRQHandler
                0x08001ce8                EXTI4_IRQHandler
                0x08001ce8                RTC_S_IRQHandler
                0x08001ce8                GPDMA1_Channel13_IRQHandler
                0x08001ce8                RNG_IRQHandler
                0x08001ce8                COMP_IRQHandler
                0x08001ce8                TIM1_UP_IRQHandler
                0x08001ce8                ADC4_IRQHandler
                0x08001ce8                WWDG_IRQHandler
                0x08001ce8                I2C4_EV_IRQHandler
                0x08001ce8                ADF1_IRQHandler
                0x08001ce8                IWDG_IRQHandler
                0x08001ce8                LPUART1_IRQHandler
                0x08001ce8                MDF1_FLT0_IRQHandler
                0x08001ce8                FDCAN1_IT0_IRQHandler
                0x08001ce8                GPDMA1_Channel4_IRQHandler
                0x08001ce8                EXTI7_IRQHandler
                0x08001ce8                DMA2D_IRQHandler
                0x08001ce8                TIM1_BRK_IRQHandler
                0x08001ce8                EXTI1_IRQHandler
                0x08001ce8                SDMMC2_IRQHandler
                0x08001ce8                DAC1_IRQHandler
                0x08001ce8                GTZC_IRQHandler
                0x08001ce8                MDF1_FLT3_IRQHandler
                0x08001ce8                USART2_IRQHandler
                0x08001ce8                GPDMA1_Channel6_IRQHandler
                0x08001ce8                I2C2_ER_IRQHandler
                0x08001ce8                TIM8_BRK_IRQHandler
                0x08001ce8                FLASH_IRQHandler
                0x08001ce8                USART1_IRQHandler
                0x08001ce8                EXTI10_IRQHandler
                0x08001ce8                OTG_FS_IRQHandler
                0x08001ce8                SPI3_IRQHandler
                0x08001ce8                LPDMA1_Channel2_IRQHandler
                0x08001ce8                I2C1_ER_IRQHandler
                0x08001ce8                FMC_IRQHandler
                0x08001ce8                EXTI6_IRQHandler
                0x08001ce8                LPTIM1_IRQHandler
                0x08001ce8                DCMI_PSSI_IRQHandler
                0x08001ce8                I2C4_ER_IRQHandler
                0x08001ce8                GPDMA1_Channel10_IRQHandler
                0x08001ce8                ICACHE_IRQHandler
                0x08001ce8                SAI1_IRQHandler
                0x08001ce8                HASH_IRQHandler
 *fill*         0x08001cea        0x2 
 .text.BSP_LED_Init
                0x08001cec      0x120 ./Drivers/BSP/STM32U5xx_Nucleo/stm32u5xx_nucleo.o
                0x08001cec                BSP_LED_Init
 .text.BSP_LED_Toggle
                0x08001e0c       0x54 ./Drivers/BSP/STM32U5xx_Nucleo/stm32u5xx_nucleo.o
                0x08001e0c                BSP_LED_Toggle
 .text.BSP_PB_Init
                0x08001e60       0xf0 ./Drivers/BSP/STM32U5xx_Nucleo/stm32u5xx_nucleo.o
                0x08001e60                BSP_PB_Init
 .text.BSP_PB_IRQHandler
                0x08001f50       0x2c ./Drivers/BSP/STM32U5xx_Nucleo/stm32u5xx_nucleo.o
                0x08001f50                BSP_PB_IRQHandler
 .text.BSP_PB_Callback
                0x08001f7c       0x16 ./Drivers/BSP/STM32U5xx_Nucleo/stm32u5xx_nucleo.o
                0x08001f7c                BSP_PB_Callback
 *fill*         0x08001f92        0x2 
 .text.BSP_COM_Init
                0x08001f94       0x60 ./Drivers/BSP/STM32U5xx_Nucleo/stm32u5xx_nucleo.o
                0x08001f94                BSP_COM_Init
 .text.MX_USART1_Init
                0x08001ff4       0x68 ./Drivers/BSP/STM32U5xx_Nucleo/stm32u5xx_nucleo.o
                0x08001ff4                MX_USART1_Init
 .text.__io_putchar
                0x0800205c       0x38 ./Drivers/BSP/STM32U5xx_Nucleo/stm32u5xx_nucleo.o
                0x0800205c                __io_putchar
 .text.BUTTON_USER_EXTI_Callback
                0x08002094        0xe ./Drivers/BSP/STM32U5xx_Nucleo/stm32u5xx_nucleo.o
 *fill*         0x080020a2        0x2 
 .text.COM1_MspInit
                0x080020a4       0xb0 ./Drivers/BSP/STM32U5xx_Nucleo/stm32u5xx_nucleo.o
 .text.HAL_Init
                0x08002154       0x60 ./Drivers/STM32U5xx_HAL_Driver/Src/stm32u5xx_hal.o
                0x08002154                HAL_Init
 .text.HAL_IncTick
                0x080021b4       0x28 ./Drivers/STM32U5xx_HAL_Driver/Src/stm32u5xx_hal.o
                0x080021b4                HAL_IncTick
 .text.HAL_GetTick
                0x080021dc       0x18 ./Drivers/STM32U5xx_HAL_Driver/Src/stm32u5xx_hal.o
                0x080021dc                HAL_GetTick
 .text.HAL_GetREVID
                0x080021f4       0x1c ./Drivers/STM32U5xx_HAL_Driver/Src/stm32u5xx_hal.o
                0x080021f4                HAL_GetREVID
 .text.LL_ADC_SetCommonClock
                0x08002210       0x26 ./Drivers/STM32U5xx_HAL_Driver/Src/stm32u5xx_hal_adc.o
 .text.LL_ADC_SetCommonPathInternalCh
                0x08002236       0x26 ./Drivers/STM32U5xx_HAL_Driver/Src/stm32u5xx_hal_adc.o
 .text.LL_ADC_GetCommonPathInternalCh
                0x0800225c       0x1c ./Drivers/STM32U5xx_HAL_Driver/Src/stm32u5xx_hal_adc.o
 .text.LL_ADC_SetResolution
                0x08002278       0x40 ./Drivers/STM32U5xx_HAL_Driver/Src/stm32u5xx_hal_adc.o
 .text.LL_ADC_SetOffset
                0x080022b8       0x42 ./Drivers/STM32U5xx_HAL_Driver/Src/stm32u5xx_hal_adc.o
 .text.LL_ADC_GetOffsetChannel
                0x080022fa       0x58 ./Drivers/STM32U5xx_HAL_Driver/Src/stm32u5xx_hal_adc.o
 .text.LL_ADC_SetOffsetSign
                0x08002352       0x36 ./Drivers/STM32U5xx_HAL_Driver/Src/stm32u5xx_hal_adc.o
 .text.LL_ADC_SetOffsetSignedSaturation
                0x08002388       0x36 ./Drivers/STM32U5xx_HAL_Driver/Src/stm32u5xx_hal_adc.o
 .text.LL_ADC_SetOffsetUnsignedSaturation
                0x080023be       0x36 ./Drivers/STM32U5xx_HAL_Driver/Src/stm32u5xx_hal_adc.o
 .text.LL_ADC_SetGainCompensation
                0x080023f4       0x46 ./Drivers/STM32U5xx_HAL_Driver/Src/stm32u5xx_hal_adc.o
 .text.LL_ADC_SetSamplingTimeCommonChannels
                0x0800243a       0x3e ./Drivers/STM32U5xx_HAL_Driver/Src/stm32u5xx_hal_adc.o
 .text.LL_ADC_REG_IsTriggerSourceSWStart
                0x08002478       0x26 ./Drivers/STM32U5xx_HAL_Driver/Src/stm32u5xx_hal_adc.o
 *fill*         0x0800249e        0x2 
 .text.LL_ADC_REG_SetSequencerRanks
                0x080024a0       0xc0 ./Drivers/STM32U5xx_HAL_Driver/Src/stm32u5xx_hal_adc.o
 .text.LL_ADC_REG_SetSequencerChAdd
                0x08002560       0x66 ./Drivers/STM32U5xx_HAL_Driver/Src/stm32u5xx_hal_adc.o
 .text.LL_ADC_REG_SetSequencerChRem
                0x080025c6       0x30 ./Drivers/STM32U5xx_HAL_Driver/Src/stm32u5xx_hal_adc.o
 *fill*         0x080025f6        0x2 
 .text.LL_ADC_SetChannelSamplingTime
                0x080025f8       0xc4 ./Drivers/STM32U5xx_HAL_Driver/Src/stm32u5xx_hal_adc.o
 .text.LL_ADC_SetChannelSingleDiff
                0x080026bc       0x48 ./Drivers/STM32U5xx_HAL_Driver/Src/stm32u5xx_hal_adc.o
 .text.LL_ADC_DisableDeepPowerDown
                0x08002704       0x24 ./Drivers/STM32U5xx_HAL_Driver/Src/stm32u5xx_hal_adc.o
 .text.LL_ADC_IsDeepPowerDownEnabled
                0x08002728       0x28 ./Drivers/STM32U5xx_HAL_Driver/Src/stm32u5xx_hal_adc.o
 .text.LL_ADC_EnableInternalRegulator
                0x08002750       0x28 ./Drivers/STM32U5xx_HAL_Driver/Src/stm32u5xx_hal_adc.o
 .text.LL_ADC_IsInternalRegulatorEnabled
                0x08002778       0x28 ./Drivers/STM32U5xx_HAL_Driver/Src/stm32u5xx_hal_adc.o
 .text.LL_ADC_Enable
                0x080027a0       0x28 ./Drivers/STM32U5xx_HAL_Driver/Src/stm32u5xx_hal_adc.o
 .text.LL_ADC_IsEnabled
                0x080027c8       0x26 ./Drivers/STM32U5xx_HAL_Driver/Src/stm32u5xx_hal_adc.o
 .text.LL_ADC_REG_StartConversion
                0x080027ee       0x28 ./Drivers/STM32U5xx_HAL_Driver/Src/stm32u5xx_hal_adc.o
 .text.LL_ADC_REG_IsConversionOngoing
                0x08002816       0x26 ./Drivers/STM32U5xx_HAL_Driver/Src/stm32u5xx_hal_adc.o
 .text.LL_ADC_INJ_IsConversionOngoing
                0x0800283c       0x26 ./Drivers/STM32U5xx_HAL_Driver/Src/stm32u5xx_hal_adc.o
 *fill*         0x08002862        0x2 
 .text.HAL_ADC_Init
                0x08002864      0x594 ./Drivers/STM32U5xx_HAL_Driver/Src/stm32u5xx_hal_adc.o
                0x08002864                HAL_ADC_Init
 .text.HAL_ADC_Start_DMA
                0x08002df8      0x214 ./Drivers/STM32U5xx_HAL_Driver/Src/stm32u5xx_hal_adc.o
                0x08002df8                HAL_ADC_Start_DMA
 .text.HAL_ADC_ErrorCallback
                0x0800300c       0x14 ./Drivers/STM32U5xx_HAL_Driver/Src/stm32u5xx_hal_adc.o
                0x0800300c                HAL_ADC_ErrorCallback
 .text.HAL_ADC_ConfigChannel
                0x08003020      0xdb0 ./Drivers/STM32U5xx_HAL_Driver/Src/stm32u5xx_hal_adc.o
                0x08003020                HAL_ADC_ConfigChannel
 .text.ADC_Enable
                0x08003dd0       0xe0 ./Drivers/STM32U5xx_HAL_Driver/Src/stm32u5xx_hal_adc.o
                0x08003dd0                ADC_Enable
 .text.ADC_DMAConvCplt
                0x08003eb0       0xd8 ./Drivers/STM32U5xx_HAL_Driver/Src/stm32u5xx_hal_adc.o
                0x08003eb0                ADC_DMAConvCplt
 .text.ADC_DMAHalfConvCplt
                0x08003f88       0x1c ./Drivers/STM32U5xx_HAL_Driver/Src/stm32u5xx_hal_adc.o
                0x08003f88                ADC_DMAHalfConvCplt
 .text.ADC_DMAError
                0x08003fa4       0x34 ./Drivers/STM32U5xx_HAL_Driver/Src/stm32u5xx_hal_adc.o
                0x08003fa4                ADC_DMAError
 .text.__NVIC_SetPriorityGrouping
                0x08003fd8       0x48 ./Drivers/STM32U5xx_HAL_Driver/Src/stm32u5xx_hal_cortex.o
 .text.__NVIC_GetPriorityGrouping
                0x08004020       0x1c ./Drivers/STM32U5xx_HAL_Driver/Src/stm32u5xx_hal_cortex.o
 .text.__NVIC_EnableIRQ
                0x0800403c       0x3c ./Drivers/STM32U5xx_HAL_Driver/Src/stm32u5xx_hal_cortex.o
 .text.__NVIC_SetPriority
                0x08004078       0x54 ./Drivers/STM32U5xx_HAL_Driver/Src/stm32u5xx_hal_cortex.o
 .text.NVIC_EncodePriority
                0x080040cc       0x66 ./Drivers/STM32U5xx_HAL_Driver/Src/stm32u5xx_hal_cortex.o
 .text.HAL_NVIC_SetPriorityGrouping
                0x08004132       0x16 ./Drivers/STM32U5xx_HAL_Driver/Src/stm32u5xx_hal_cortex.o
                0x08004132                HAL_NVIC_SetPriorityGrouping
 .text.HAL_NVIC_SetPriority
                0x08004148       0x34 ./Drivers/STM32U5xx_HAL_Driver/Src/stm32u5xx_hal_cortex.o
                0x08004148                HAL_NVIC_SetPriority
 .text.HAL_NVIC_EnableIRQ
                0x0800417c       0x1c ./Drivers/STM32U5xx_HAL_Driver/Src/stm32u5xx_hal_cortex.o
                0x0800417c                HAL_NVIC_EnableIRQ
 .text.HAL_SYSTICK_CLKSourceConfig
                0x08004198       0xb0 ./Drivers/STM32U5xx_HAL_Driver/Src/stm32u5xx_hal_cortex.o
                0x08004198                HAL_SYSTICK_CLKSourceConfig
 .text.HAL_DAC_Init
                0x08004248       0x44 ./Drivers/STM32U5xx_HAL_Driver/Src/stm32u5xx_hal_dac.o
                0x08004248                HAL_DAC_Init
 .text.HAL_DAC_Start_DMA
                0x0800428c      0x374 ./Drivers/STM32U5xx_HAL_Driver/Src/stm32u5xx_hal_dac.o
                0x0800428c                HAL_DAC_Start_DMA
 .text.HAL_DAC_Stop_DMA
                0x08004600       0x9a ./Drivers/STM32U5xx_HAL_Driver/Src/stm32u5xx_hal_dac.o
                0x08004600                HAL_DAC_Stop_DMA
 .text.HAL_DAC_ConvCpltCallbackCh1
                0x0800469a       0x14 ./Drivers/STM32U5xx_HAL_Driver/Src/stm32u5xx_hal_dac.o
                0x0800469a                HAL_DAC_ConvCpltCallbackCh1
 .text.HAL_DAC_ConvHalfCpltCallbackCh1
                0x080046ae       0x14 ./Drivers/STM32U5xx_HAL_Driver/Src/stm32u5xx_hal_dac.o
                0x080046ae                HAL_DAC_ConvHalfCpltCallbackCh1
 .text.HAL_DAC_ErrorCallbackCh1
                0x080046c2       0x14 ./Drivers/STM32U5xx_HAL_Driver/Src/stm32u5xx_hal_dac.o
                0x080046c2                HAL_DAC_ErrorCallbackCh1
 *fill*         0x080046d6        0x2 
 .text.HAL_DAC_ConfigChannel
                0x080046d8      0x340 ./Drivers/STM32U5xx_HAL_Driver/Src/stm32u5xx_hal_dac.o
                0x080046d8                HAL_DAC_ConfigChannel
 .text.DAC_DMAConvCpltCh1
                0x08004a18       0x22 ./Drivers/STM32U5xx_HAL_Driver/Src/stm32u5xx_hal_dac.o
                0x08004a18                DAC_DMAConvCpltCh1
 .text.DAC_DMAHalfConvCpltCh1
                0x08004a3a       0x1c ./Drivers/STM32U5xx_HAL_Driver/Src/stm32u5xx_hal_dac.o
                0x08004a3a                DAC_DMAHalfConvCpltCh1
 .text.DAC_DMAErrorCh1
                0x08004a56       0x2e ./Drivers/STM32U5xx_HAL_Driver/Src/stm32u5xx_hal_dac.o
                0x08004a56                DAC_DMAErrorCh1
 .text.HAL_DACEx_ConvCpltCallbackCh2
                0x08004a84       0x14 ./Drivers/STM32U5xx_HAL_Driver/Src/stm32u5xx_hal_dac_ex.o
                0x08004a84                HAL_DACEx_ConvCpltCallbackCh2
 .text.HAL_DACEx_ConvHalfCpltCallbackCh2
                0x08004a98       0x14 ./Drivers/STM32U5xx_HAL_Driver/Src/stm32u5xx_hal_dac_ex.o
                0x08004a98                HAL_DACEx_ConvHalfCpltCallbackCh2
 .text.HAL_DACEx_ErrorCallbackCh2
                0x08004aac       0x14 ./Drivers/STM32U5xx_HAL_Driver/Src/stm32u5xx_hal_dac_ex.o
                0x08004aac                HAL_DACEx_ErrorCallbackCh2
 .text.HAL_DACEx_SetConfigAutonomousMode
                0x08004ac0       0x70 ./Drivers/STM32U5xx_HAL_Driver/Src/stm32u5xx_hal_dac_ex.o
                0x08004ac0                HAL_DACEx_SetConfigAutonomousMode
 .text.DAC_DMAConvCpltCh2
                0x08004b30       0x22 ./Drivers/STM32U5xx_HAL_Driver/Src/stm32u5xx_hal_dac_ex.o
                0x08004b30                DAC_DMAConvCpltCh2
 .text.DAC_DMAHalfConvCpltCh2
                0x08004b52       0x1c ./Drivers/STM32U5xx_HAL_Driver/Src/stm32u5xx_hal_dac_ex.o
                0x08004b52                DAC_DMAHalfConvCpltCh2
 .text.DAC_DMAErrorCh2
                0x08004b6e       0x2e ./Drivers/STM32U5xx_HAL_Driver/Src/stm32u5xx_hal_dac_ex.o
                0x08004b6e                DAC_DMAErrorCh2
 .text.HAL_DMA_Start_IT
                0x08004b9c       0xc0 ./Drivers/STM32U5xx_HAL_Driver/Src/stm32u5xx_hal_dma.o
                0x08004b9c                HAL_DMA_Start_IT
 .text.HAL_DMA_Abort
                0x08004c5c       0xf8 ./Drivers/STM32U5xx_HAL_Driver/Src/stm32u5xx_hal_dma.o
                0x08004c5c                HAL_DMA_Abort
 .text.HAL_DMA_IRQHandler
                0x08004d54      0x2c2 ./Drivers/STM32U5xx_HAL_Driver/Src/stm32u5xx_hal_dma.o
                0x08004d54                HAL_DMA_IRQHandler
 .text.HAL_DMA_ConfigChannelAttributes
                0x08005016       0x78 ./Drivers/STM32U5xx_HAL_Driver/Src/stm32u5xx_hal_dma.o
                0x08005016                HAL_DMA_ConfigChannelAttributes
 .text.DMA_SetConfig
                0x0800508e       0x4a ./Drivers/STM32U5xx_HAL_Driver/Src/stm32u5xx_hal_dma.o
 .text.HAL_DMAEx_List_Init
                0x080050d8      0x258 ./Drivers/STM32U5xx_HAL_Driver/Src/stm32u5xx_hal_dma_ex.o
                0x080050d8                HAL_DMAEx_List_Init
 .text.HAL_DMAEx_List_Start_IT
                0x08005330      0x128 ./Drivers/STM32U5xx_HAL_Driver/Src/stm32u5xx_hal_dma_ex.o
                0x08005330                HAL_DMAEx_List_Start_IT
 .text.HAL_DMAEx_List_BuildNode
                0x08005458       0x2c ./Drivers/STM32U5xx_HAL_Driver/Src/stm32u5xx_hal_dma_ex.o
                0x08005458                HAL_DMAEx_List_BuildNode
 .text.HAL_DMAEx_List_GetNodeConfig
                0x08005484       0x2c ./Drivers/STM32U5xx_HAL_Driver/Src/stm32u5xx_hal_dma_ex.o
                0x08005484                HAL_DMAEx_List_GetNodeConfig
 .text.HAL_DMAEx_List_InsertNode
                0x080054b0      0x192 ./Drivers/STM32U5xx_HAL_Driver/Src/stm32u5xx_hal_dma_ex.o
                0x080054b0                HAL_DMAEx_List_InsertNode
 .text.HAL_DMAEx_List_SetCircularMode
                0x08005642       0xc0 ./Drivers/STM32U5xx_HAL_Driver/Src/stm32u5xx_hal_dma_ex.o
                0x08005642                HAL_DMAEx_List_SetCircularMode
 *fill*         0x08005702        0x2 
 .text.HAL_DMAEx_List_LinkQ
                0x08005704      0x12c ./Drivers/STM32U5xx_HAL_Driver/Src/stm32u5xx_hal_dma_ex.o
                0x08005704                HAL_DMAEx_List_LinkQ
 .text.DMA_List_Init
                0x08005830      0x2b0 ./Drivers/STM32U5xx_HAL_Driver/Src/stm32u5xx_hal_dma_ex.o
 .text.DMA_List_BuildNode
                0x08005ae0      0x2a4 ./Drivers/STM32U5xx_HAL_Driver/Src/stm32u5xx_hal_dma_ex.o
 .text.DMA_List_GetNodeConfig
                0x08005d84      0x214 ./Drivers/STM32U5xx_HAL_Driver/Src/stm32u5xx_hal_dma_ex.o
 .text.DMA_List_CheckNodesBaseAddresses
                0x08005f98       0x60 ./Drivers/STM32U5xx_HAL_Driver/Src/stm32u5xx_hal_dma_ex.o
 .text.DMA_List_CheckNodesTypes
                0x08005ff8       0x78 ./Drivers/STM32U5xx_HAL_Driver/Src/stm32u5xx_hal_dma_ex.o
 .text.DMA_List_GetCLLRNodeInfo
                0x08006070       0x60 ./Drivers/STM32U5xx_HAL_Driver/Src/stm32u5xx_hal_dma_ex.o
 .text.DMA_List_FindNode
                0x080060d0      0x13e ./Drivers/STM32U5xx_HAL_Driver/Src/stm32u5xx_hal_dma_ex.o
 .text.HAL_EXTI_RegisterCallback
                0x0800620e       0x58 ./Drivers/STM32U5xx_HAL_Driver/Src/stm32u5xx_hal_exti.o
                0x0800620e                HAL_EXTI_RegisterCallback
 .text.HAL_EXTI_GetHandle
                0x08006266       0x28 ./Drivers/STM32U5xx_HAL_Driver/Src/stm32u5xx_hal_exti.o
                0x08006266                HAL_EXTI_GetHandle
 *fill*         0x0800628e        0x2 
 .text.HAL_EXTI_IRQHandler
                0x08006290       0x90 ./Drivers/STM32U5xx_HAL_Driver/Src/stm32u5xx_hal_exti.o
                0x08006290                HAL_EXTI_IRQHandler
 .text.HAL_GPIO_Init
                0x08006320      0x3c0 ./Drivers/STM32U5xx_HAL_Driver/Src/stm32u5xx_hal_gpio.o
                0x08006320                HAL_GPIO_Init
 .text.HAL_GPIO_TogglePin
                0x080066e0       0x34 ./Drivers/STM32U5xx_HAL_Driver/Src/stm32u5xx_hal_gpio.o
                0x080066e0                HAL_GPIO_TogglePin
 .text.HAL_ICACHE_ConfigAssociativityMode
                0x08006714       0x40 ./Drivers/STM32U5xx_HAL_Driver/Src/stm32u5xx_hal_icache.o
                0x08006714                HAL_ICACHE_ConfigAssociativityMode
 .text.HAL_ICACHE_Enable
                0x08006754       0x20 ./Drivers/STM32U5xx_HAL_Driver/Src/stm32u5xx_hal_icache.o
                0x08006754                HAL_ICACHE_Enable
 .text.HAL_PWREx_ControlVoltageScaling
                0x08006774       0xfc ./Drivers/STM32U5xx_HAL_Driver/Src/stm32u5xx_hal_pwr_ex.o
                0x08006774                HAL_PWREx_ControlVoltageScaling
 .text.HAL_PWREx_GetVoltageRange
                0x08006870       0x1c ./Drivers/STM32U5xx_HAL_Driver/Src/stm32u5xx_hal_pwr_ex.o
                0x08006870                HAL_PWREx_GetVoltageRange
 .text.HAL_PWREx_ConfigSupply
                0x0800688c       0xa0 ./Drivers/STM32U5xx_HAL_Driver/Src/stm32u5xx_hal_pwr_ex.o
                0x0800688c                HAL_PWREx_ConfigSupply
 .text.HAL_PWREx_EnableVddIO2
                0x0800692c       0x20 ./Drivers/STM32U5xx_HAL_Driver/Src/stm32u5xx_hal_pwr_ex.o
                0x0800692c                HAL_PWREx_EnableVddIO2
 .text.HAL_PWREx_EnableVddA
                0x0800694c       0x20 ./Drivers/STM32U5xx_HAL_Driver/Src/stm32u5xx_hal_pwr_ex.o
                0x0800694c                HAL_PWREx_EnableVddA
 .text.HAL_PWREx_DisableUCPDDeadBattery
                0x0800696c       0x20 ./Drivers/STM32U5xx_HAL_Driver/Src/stm32u5xx_hal_pwr_ex.o
                0x0800696c                HAL_PWREx_DisableUCPDDeadBattery
 .text.HAL_RCC_OscConfig
                0x0800698c      0xdb8 ./Drivers/STM32U5xx_HAL_Driver/Src/stm32u5xx_hal_rcc.o
                0x0800698c                HAL_RCC_OscConfig
 .text.HAL_RCC_ClockConfig
                0x08007744      0x3e4 ./Drivers/STM32U5xx_HAL_Driver/Src/stm32u5xx_hal_rcc.o
                0x08007744                HAL_RCC_ClockConfig
 .text.HAL_RCC_GetSysClockFreq
                0x08007b28      0x204 ./Drivers/STM32U5xx_HAL_Driver/Src/stm32u5xx_hal_rcc.o
                0x08007b28                HAL_RCC_GetSysClockFreq
 .text.HAL_RCC_GetHCLKFreq
                0x08007d2c       0x34 ./Drivers/STM32U5xx_HAL_Driver/Src/stm32u5xx_hal_rcc.o
                0x08007d2c                HAL_RCC_GetHCLKFreq
 .text.HAL_RCC_GetPCLK1Freq
                0x08007d60       0x28 ./Drivers/STM32U5xx_HAL_Driver/Src/stm32u5xx_hal_rcc.o
                0x08007d60                HAL_RCC_GetPCLK1Freq
 .text.HAL_RCC_GetPCLK2Freq
                0x08007d88       0x28 ./Drivers/STM32U5xx_HAL_Driver/Src/stm32u5xx_hal_rcc.o
                0x08007d88                HAL_RCC_GetPCLK2Freq
 .text.HAL_RCC_GetPCLK3Freq
                0x08007db0       0x28 ./Drivers/STM32U5xx_HAL_Driver/Src/stm32u5xx_hal_rcc.o
                0x08007db0                HAL_RCC_GetPCLK3Freq
 .text.HAL_RCC_GetClockConfig
                0x08007dd8       0x70 ./Drivers/STM32U5xx_HAL_Driver/Src/stm32u5xx_hal_rcc.o
                0x08007dd8                HAL_RCC_GetClockConfig
 .text.RCC_SetFlashLatencyFromMSIRange
                0x08007e48      0x10c ./Drivers/STM32U5xx_HAL_Driver/Src/stm32u5xx_hal_rcc.o
 .text.HAL_RCCEx_PeriphCLKConfig
                0x08007f54      0xb48 ./Drivers/STM32U5xx_HAL_Driver/Src/stm32u5xx_hal_rcc_ex.o
                0x08007f54                HAL_RCCEx_PeriphCLKConfig
 .text.HAL_RCCEx_GetPLL1ClockFreq
                0x08008a9c      0x2b4 ./Drivers/STM32U5xx_HAL_Driver/Src/stm32u5xx_hal_rcc_ex.o
                0x08008a9c                HAL_RCCEx_GetPLL1ClockFreq
 .text.HAL_RCCEx_GetPLL2ClockFreq
                0x08008d50      0x2b4 ./Drivers/STM32U5xx_HAL_Driver/Src/stm32u5xx_hal_rcc_ex.o
                0x08008d50                HAL_RCCEx_GetPLL2ClockFreq
 .text.HAL_RCCEx_GetPLL3ClockFreq
                0x08009004      0x2b4 ./Drivers/STM32U5xx_HAL_Driver/Src/stm32u5xx_hal_rcc_ex.o
                0x08009004                HAL_RCCEx_GetPLL3ClockFreq
 .text.HAL_RCCEx_GetPeriphCLKFreq
                0x080092b8     0x136c ./Drivers/STM32U5xx_HAL_Driver/Src/stm32u5xx_hal_rcc_ex.o
                0x080092b8                HAL_RCCEx_GetPeriphCLKFreq
 .text.RCCEx_PLL2_Config
                0x0800a624      0x130 ./Drivers/STM32U5xx_HAL_Driver/Src/stm32u5xx_hal_rcc_ex.o
 .text.RCCEx_PLL3_Config
                0x0800a754      0x130 ./Drivers/STM32U5xx_HAL_Driver/Src/stm32u5xx_hal_rcc_ex.o
 .text.HAL_RNG_Init
                0x0800a884      0x13c ./Drivers/STM32U5xx_HAL_Driver/Src/stm32u5xx_hal_rng.o
                0x0800a884                HAL_RNG_Init
 .text.HAL_RNG_GenerateRandomNumber
                0x0800a9c0       0xf4 ./Drivers/STM32U5xx_HAL_Driver/Src/stm32u5xx_hal_rng.o
                0x0800a9c0                HAL_RNG_GenerateRandomNumber
 .text.HAL_RNG_ErrorCallback
                0x0800aab4       0x14 ./Drivers/STM32U5xx_HAL_Driver/Src/stm32u5xx_hal_rng.o
                0x0800aab4                HAL_RNG_ErrorCallback
 .text.RNG_RecoverSeedError
                0x0800aac8      0x102 ./Drivers/STM32U5xx_HAL_Driver/Src/stm32u5xx_hal_rng.o
                0x0800aac8                RNG_RecoverSeedError
 .text.HAL_TIM_Base_Init
                0x0800abca       0xae ./Drivers/STM32U5xx_HAL_Driver/Src/stm32u5xx_hal_tim.o
                0x0800abca                HAL_TIM_Base_Init
 .text.HAL_TIM_Base_Start
                0x0800ac78      0x130 ./Drivers/STM32U5xx_HAL_Driver/Src/stm32u5xx_hal_tim.o
                0x0800ac78                HAL_TIM_Base_Start
 .text.HAL_TIM_Base_Start_IT
                0x0800ada8      0x140 ./Drivers/STM32U5xx_HAL_Driver/Src/stm32u5xx_hal_tim.o
                0x0800ada8                HAL_TIM_Base_Start_IT
 .text.HAL_TIM_Base_Stop_IT
                0x0800aee8       0x60 ./Drivers/STM32U5xx_HAL_Driver/Src/stm32u5xx_hal_tim.o
                0x0800aee8                HAL_TIM_Base_Stop_IT
 .text.HAL_TIM_IRQHandler
                0x0800af48      0x29e ./Drivers/STM32U5xx_HAL_Driver/Src/stm32u5xx_hal_tim.o
                0x0800af48                HAL_TIM_IRQHandler
 *fill*         0x0800b1e6        0x2 
 .text.HAL_TIM_ConfigClockSource
                0x0800b1e8      0x204 ./Drivers/STM32U5xx_HAL_Driver/Src/stm32u5xx_hal_tim.o
                0x0800b1e8                HAL_TIM_ConfigClockSource
 .text.HAL_TIM_OC_DelayElapsedCallback
                0x0800b3ec       0x14 ./Drivers/STM32U5xx_HAL_Driver/Src/stm32u5xx_hal_tim.o
                0x0800b3ec                HAL_TIM_OC_DelayElapsedCallback
 .text.HAL_TIM_IC_CaptureCallback
                0x0800b400       0x14 ./Drivers/STM32U5xx_HAL_Driver/Src/stm32u5xx_hal_tim.o
                0x0800b400                HAL_TIM_IC_CaptureCallback
 .text.HAL_TIM_PWM_PulseFinishedCallback
                0x0800b414       0x14 ./Drivers/STM32U5xx_HAL_Driver/Src/stm32u5xx_hal_tim.o
                0x0800b414                HAL_TIM_PWM_PulseFinishedCallback
 .text.HAL_TIM_TriggerCallback
                0x0800b428       0x14 ./Drivers/STM32U5xx_HAL_Driver/Src/stm32u5xx_hal_tim.o
                0x0800b428                HAL_TIM_TriggerCallback
 .text.TIM_Base_SetConfig
                0x0800b43c      0x200 ./Drivers/STM32U5xx_HAL_Driver/Src/stm32u5xx_hal_tim.o
                0x0800b43c                TIM_Base_SetConfig
 .text.TIM_TI1_ConfigInputStage
                0x0800b63c       0xe4 ./Drivers/STM32U5xx_HAL_Driver/Src/stm32u5xx_hal_tim.o
 .text.TIM_TI2_ConfigInputStage
                0x0800b720       0x9c ./Drivers/STM32U5xx_HAL_Driver/Src/stm32u5xx_hal_tim.o
 .text.TIM_ITRx_SetConfig
                0x0800b7bc       0x3a ./Drivers/STM32U5xx_HAL_Driver/Src/stm32u5xx_hal_tim.o
 .text.TIM_ETR_SetConfig
                0x0800b7f6       0x40 ./Drivers/STM32U5xx_HAL_Driver/Src/stm32u5xx_hal_tim.o
                0x0800b7f6                TIM_ETR_SetConfig
 *fill*         0x0800b836        0x2 
 .text.HAL_TIMEx_MasterConfigSynchronization
                0x0800b838      0x184 ./Drivers/STM32U5xx_HAL_Driver/Src/stm32u5xx_hal_tim_ex.o
                0x0800b838                HAL_TIMEx_MasterConfigSynchronization
 .text.HAL_TIMEx_CommutCallback
                0x0800b9bc       0x14 ./Drivers/STM32U5xx_HAL_Driver/Src/stm32u5xx_hal_tim_ex.o
                0x0800b9bc                HAL_TIMEx_CommutCallback
 .text.HAL_TIMEx_BreakCallback
                0x0800b9d0       0x14 ./Drivers/STM32U5xx_HAL_Driver/Src/stm32u5xx_hal_tim_ex.o
                0x0800b9d0                HAL_TIMEx_BreakCallback
 .text.HAL_TIMEx_Break2Callback
                0x0800b9e4       0x14 ./Drivers/STM32U5xx_HAL_Driver/Src/stm32u5xx_hal_tim_ex.o
                0x0800b9e4                HAL_TIMEx_Break2Callback
 .text.HAL_TIMEx_EncoderIndexCallback
                0x0800b9f8       0x14 ./Drivers/STM32U5xx_HAL_Driver/Src/stm32u5xx_hal_tim_ex.o
                0x0800b9f8                HAL_TIMEx_EncoderIndexCallback
 .text.HAL_TIMEx_DirectionChangeCallback
                0x0800ba0c       0x14 ./Drivers/STM32U5xx_HAL_Driver/Src/stm32u5xx_hal_tim_ex.o
                0x0800ba0c                HAL_TIMEx_DirectionChangeCallback
 .text.HAL_TIMEx_IndexErrorCallback
                0x0800ba20       0x14 ./Drivers/STM32U5xx_HAL_Driver/Src/stm32u5xx_hal_tim_ex.o
                0x0800ba20                HAL_TIMEx_IndexErrorCallback
 .text.HAL_TIMEx_TransitionErrorCallback
                0x0800ba34       0x14 ./Drivers/STM32U5xx_HAL_Driver/Src/stm32u5xx_hal_tim_ex.o
                0x0800ba34                HAL_TIMEx_TransitionErrorCallback
 .text.HAL_UART_Init
                0x0800ba48       0xa0 ./Drivers/STM32U5xx_HAL_Driver/Src/stm32u5xx_hal_uart.o
                0x0800ba48                HAL_UART_Init
 .text.HAL_UART_MspInit
                0x0800bae8       0x14 ./Drivers/STM32U5xx_HAL_Driver/Src/stm32u5xx_hal_uart.o
                0x0800bae8                HAL_UART_MspInit
 .text.HAL_UART_Transmit
                0x0800bafc      0x13c ./Drivers/STM32U5xx_HAL_Driver/Src/stm32u5xx_hal_uart.o
                0x0800bafc                HAL_UART_Transmit
 .text.HAL_UART_Receive
                0x0800bc38      0x1ae ./Drivers/STM32U5xx_HAL_Driver/Src/stm32u5xx_hal_uart.o
                0x0800bc38                HAL_UART_Receive
 *fill*         0x0800bde6        0x2 
 .text.UART_SetConfig
                0x0800bde8      0x344 ./Drivers/STM32U5xx_HAL_Driver/Src/stm32u5xx_hal_uart.o
                0x0800bde8                UART_SetConfig
 .text.UART_AdvFeatureConfig
                0x0800c12c      0x144 ./Drivers/STM32U5xx_HAL_Driver/Src/stm32u5xx_hal_uart.o
                0x0800c12c                UART_AdvFeatureConfig
 .text.UART_CheckIdleState
                0x0800c270      0x154 ./Drivers/STM32U5xx_HAL_Driver/Src/stm32u5xx_hal_uart.o
                0x0800c270                UART_CheckIdleState
 .text.UART_WaitOnFlagUntilTimeout
                0x0800c3c4       0xda ./Drivers/STM32U5xx_HAL_Driver/Src/stm32u5xx_hal_uart.o
                0x0800c3c4                UART_WaitOnFlagUntilTimeout
 .text.UART_EndRxTransfer
                0x0800c49e       0xcc ./Drivers/STM32U5xx_HAL_Driver/Src/stm32u5xx_hal_uart.o
 *fill*         0x0800c56a        0x2 
 .text.SysTick_Handler
                0x0800c56c       0x20 ./Middlewares/Third_Party/FreeRTOS/Source/CMSIS_RTOS_V2/cmsis_os2.o
                0x0800c56c                SysTick_Handler
 .text.IRQ_Context
                0x0800c58c       0x4e ./Middlewares/Third_Party/FreeRTOS/Source/CMSIS_RTOS_V2/cmsis_os2.o
 *fill*         0x0800c5da        0x2 
 .text.osKernelInitialize
                0x0800c5dc       0x4c ./Middlewares/Third_Party/FreeRTOS/Source/CMSIS_RTOS_V2/cmsis_os2.o
                0x0800c5dc                osKernelInitialize
 .text.osKernelStart
                0x0800c628       0x50 ./Middlewares/Third_Party/FreeRTOS/Source/CMSIS_RTOS_V2/cmsis_os2.o
                0x0800c628                osKernelStart
 .text.osThreadNew
                0x0800c678      0x124 ./Middlewares/Third_Party/FreeRTOS/Source/CMSIS_RTOS_V2/cmsis_os2.o
                0x0800c678                osThreadNew
 .text.osDelay  0x0800c79c       0x34 ./Middlewares/Third_Party/FreeRTOS/Source/CMSIS_RTOS_V2/cmsis_os2.o
                0x0800c79c                osDelay
 .text.vListInitialise
                0x0800c7d0       0x40 ./Middlewares/Third_Party/FreeRTOS/Source/list.o
                0x0800c7d0                vListInitialise
 .text.vListInitialiseItem
                0x0800c810       0x1a ./Middlewares/Third_Party/FreeRTOS/Source/list.o
                0x0800c810                vListInitialiseItem
 .text.vListInsert
                0x0800c82a       0x72 ./Middlewares/Third_Party/FreeRTOS/Source/list.o
                0x0800c82a                vListInsert
 .text.uxListRemove
                0x0800c89c       0x54 ./Middlewares/Third_Party/FreeRTOS/Source/list.o
                0x0800c89c                uxListRemove
 .text.xQueueGenericReset
                0x0800c8f0       0xf2 ./Middlewares/Third_Party/FreeRTOS/Source/queue.o
                0x0800c8f0                xQueueGenericReset
 .text.xQueueGenericCreateStatic
                0x0800c9e2       0x92 ./Middlewares/Third_Party/FreeRTOS/Source/queue.o
                0x0800c9e2                xQueueGenericCreateStatic
 .text.prvInitialiseNewQueue
                0x0800ca74       0x46 ./Middlewares/Third_Party/FreeRTOS/Source/queue.o
 .text.xQueueReceive
                0x0800caba      0x178 ./Middlewares/Third_Party/FreeRTOS/Source/queue.o
                0x0800caba                xQueueReceive
 .text.prvCopyDataFromQueue
                0x0800cc32       0x4c ./Middlewares/Third_Party/FreeRTOS/Source/queue.o
 .text.prvUnlockQueue
                0x0800cc7e       0xa4 ./Middlewares/Third_Party/FreeRTOS/Source/queue.o
 .text.prvIsQueueEmpty
                0x0800cd22       0x2c ./Middlewares/Third_Party/FreeRTOS/Source/queue.o
 *fill*         0x0800cd4e        0x2 
 .text.vQueueAddToRegistry
                0x0800cd50       0x8c ./Middlewares/Third_Party/FreeRTOS/Source/queue.o
                0x0800cd50                vQueueAddToRegistry
 .text.vQueueWaitForMessageRestricted
                0x0800cddc       0x68 ./Middlewares/Third_Party/FreeRTOS/Source/queue.o
                0x0800cddc                vQueueWaitForMessageRestricted
 .text.prvCreateStaticTask
                0x0800ce44       0x92 ./Middlewares/Third_Party/FreeRTOS/Source/tasks.o
 .text.xTaskCreateStatic
                0x0800ced6       0x48 ./Middlewares/Third_Party/FreeRTOS/Source/tasks.o
                0x0800ced6                xTaskCreateStatic
 .text.prvCreateTask
                0x0800cf1e       0x80 ./Middlewares/Third_Party/FreeRTOS/Source/tasks.o
 .text.xTaskCreate
                0x0800cf9e       0x46 ./Middlewares/Third_Party/FreeRTOS/Source/tasks.o
                0x0800cf9e                xTaskCreate
 .text.prvInitialiseNewTask
                0x0800cfe4      0x104 ./Middlewares/Third_Party/FreeRTOS/Source/tasks.o
 .text.prvAddNewTaskToReadyList
                0x0800d0e8      0x124 ./Middlewares/Third_Party/FreeRTOS/Source/tasks.o
 .text.vTaskDelay
                0x0800d20c       0x4c ./Middlewares/Third_Party/FreeRTOS/Source/tasks.o
                0x0800d20c                vTaskDelay
 .text.prvCreateIdleTasks
                0x0800d258       0xec ./Middlewares/Third_Party/FreeRTOS/Source/tasks.o
 .text.vTaskStartScheduler
                0x0800d344       0x68 ./Middlewares/Third_Party/FreeRTOS/Source/tasks.o
                0x0800d344                vTaskStartScheduler
 .text.vTaskSuspendAll
                0x0800d3ac       0x1c ./Middlewares/Third_Party/FreeRTOS/Source/tasks.o
                0x0800d3ac                vTaskSuspendAll
 .text.xTaskResumeAll
                0x0800d3c8      0x1f4 ./Middlewares/Third_Party/FreeRTOS/Source/tasks.o
                0x0800d3c8                xTaskResumeAll
 .text.xTaskGetTickCount
                0x0800d5bc       0x20 ./Middlewares/Third_Party/FreeRTOS/Source/tasks.o
                0x0800d5bc                xTaskGetTickCount
 .text.xTaskIncrementTick
                0x0800d5dc      0x224 ./Middlewares/Third_Party/FreeRTOS/Source/tasks.o
                0x0800d5dc                xTaskIncrementTick
 .text.vTaskSwitchContext
                0x0800d800       0xac ./Middlewares/Third_Party/FreeRTOS/Source/tasks.o
                0x0800d800                vTaskSwitchContext
 .text.vTaskPlaceOnEventList
                0x0800d8ac       0x3c ./Middlewares/Third_Party/FreeRTOS/Source/tasks.o
                0x0800d8ac                vTaskPlaceOnEventList
 .text.vTaskPlaceOnEventListRestricted
                0x0800d8e8       0x7c ./Middlewares/Third_Party/FreeRTOS/Source/tasks.o
                0x0800d8e8                vTaskPlaceOnEventListRestricted
 .text.xTaskRemoveFromEventList
                0x0800d964      0x1a0 ./Middlewares/Third_Party/FreeRTOS/Source/tasks.o
                0x0800d964                xTaskRemoveFromEventList
 .text.vTaskInternalSetTimeOutState
                0x0800db04       0x2c ./Middlewares/Third_Party/FreeRTOS/Source/tasks.o
                0x0800db04                vTaskInternalSetTimeOutState
 .text.xTaskCheckForTimeOut
                0x0800db30       0xd0 ./Middlewares/Third_Party/FreeRTOS/Source/tasks.o
                0x0800db30                xTaskCheckForTimeOut
 .text.vTaskMissedYield
                0x0800dc00       0x18 ./Middlewares/Third_Party/FreeRTOS/Source/tasks.o
                0x0800dc00                vTaskMissedYield
 .text.prvIdleTask
                0x0800dc18       0x20 ./Middlewares/Third_Party/FreeRTOS/Source/tasks.o
 .text.prvInitialiseTaskLists
                0x0800dc38       0x80 ./Middlewares/Third_Party/FreeRTOS/Source/tasks.o
 .text.prvCheckTasksWaitingTermination
                0x0800dcb8       0x5c ./Middlewares/Third_Party/FreeRTOS/Source/tasks.o
 .text.prvDeleteTCB
                0x0800dd14       0x50 ./Middlewares/Third_Party/FreeRTOS/Source/tasks.o
 .text.prvResetNextTaskUnblockTime
                0x0800dd64       0x38 ./Middlewares/Third_Party/FreeRTOS/Source/tasks.o
 .text.xTaskGetSchedulerState
                0x0800dd9c       0x3c ./Middlewares/Third_Party/FreeRTOS/Source/tasks.o
                0x0800dd9c                xTaskGetSchedulerState
 .text.xTaskGenericNotifyWait
                0x0800ddd8      0x120 ./Middlewares/Third_Party/FreeRTOS/Source/tasks.o
                0x0800ddd8                xTaskGenericNotifyWait
 .text.xTaskGenericNotify
                0x0800def8      0x208 ./Middlewares/Third_Party/FreeRTOS/Source/tasks.o
                0x0800def8                xTaskGenericNotify
 .text.xTaskGenericNotifyFromISR
                0x0800e100      0x274 ./Middlewares/Third_Party/FreeRTOS/Source/tasks.o
                0x0800e100                xTaskGenericNotifyFromISR
 .text.prvAddCurrentTaskToDelayedList
                0x0800e374       0xec ./Middlewares/Third_Party/FreeRTOS/Source/tasks.o
 .text.vApplicationGetIdleTaskMemory
                0x0800e460       0x34 ./Middlewares/Third_Party/FreeRTOS/Source/tasks.o
                0x0800e460                vApplicationGetIdleTaskMemory
 .text.vApplicationGetTimerTaskMemory
                0x0800e494       0x34 ./Middlewares/Third_Party/FreeRTOS/Source/tasks.o
                0x0800e494                vApplicationGetTimerTaskMemory
 .text.xTimerCreateTimerTask
                0x0800e4c8       0x80 ./Middlewares/Third_Party/FreeRTOS/Source/timers.o
                0x0800e4c8                xTimerCreateTimerTask
 .text.prvReloadTimer
                0x0800e548       0x42 ./Middlewares/Third_Party/FreeRTOS/Source/timers.o
 *fill*         0x0800e58a        0x2 
 .text.prvProcessExpiredTimer
                0x0800e58c       0x60 ./Middlewares/Third_Party/FreeRTOS/Source/timers.o
 .text.prvTimerTask
                0x0800e5ec       0x26 ./Middlewares/Third_Party/FreeRTOS/Source/timers.o
 *fill*         0x0800e612        0x2 
 .text.prvProcessTimerOrBlockTask
                0x0800e614       0x8c ./Middlewares/Third_Party/FreeRTOS/Source/timers.o
 .text.prvGetNextExpireTime
                0x0800e6a0       0x48 ./Middlewares/Third_Party/FreeRTOS/Source/timers.o
 .text.prvSampleTimeNow
                0x0800e6e8       0x40 ./Middlewares/Third_Party/FreeRTOS/Source/timers.o
 .text.prvInsertTimerInActiveList
                0x0800e728       0x84 ./Middlewares/Third_Party/FreeRTOS/Source/timers.o
 .text.prvProcessReceivedCommands
                0x0800e7ac      0x1b0 ./Middlewares/Third_Party/FreeRTOS/Source/timers.o
 .text.prvSwitchTimerLists
                0x0800e95c       0x4c ./Middlewares/Third_Party/FreeRTOS/Source/timers.o
 .text.prvCheckForValidListAndQueue
                0x0800e9a8       0x80 ./Middlewares/Third_Party/FreeRTOS/Source/timers.o
 .text.vPortSetupTimerInterrupt
                0x0800ea28       0x48 ./Middlewares/Third_Party/FreeRTOS/Source/portable/GCC/ARM_CM33_NTZ/non_secure/port.o
                0x0800ea28                vPortSetupTimerInterrupt
 .text.prvTaskExitError
                0x0800ea70       0x38 ./Middlewares/Third_Party/FreeRTOS/Source/portable/GCC/ARM_CM33_NTZ/non_secure/port.o
 .text.vPortYield
                0x0800eaa8       0x24 ./Middlewares/Third_Party/FreeRTOS/Source/portable/GCC/ARM_CM33_NTZ/non_secure/port.o
                0x0800eaa8                vPortYield
 .text.vPortEnterCritical
                0x0800eacc       0x24 ./Middlewares/Third_Party/FreeRTOS/Source/portable/GCC/ARM_CM33_NTZ/non_secure/port.o
                0x0800eacc                vPortEnterCritical
 .text.vPortExitCritical
                0x0800eaf0       0x34 ./Middlewares/Third_Party/FreeRTOS/Source/portable/GCC/ARM_CM33_NTZ/non_secure/port.o
                0x0800eaf0                vPortExitCritical
 .text.xPortSysTickHandler
                0x0800eb24       0x30 ./Middlewares/Third_Party/FreeRTOS/Source/portable/GCC/ARM_CM33_NTZ/non_secure/port.o
                0x0800eb24                xPortSysTickHandler
 .text.vPortSVCHandler_C
                0x0800eb54       0x32 ./Middlewares/Third_Party/FreeRTOS/Source/portable/GCC/ARM_CM33_NTZ/non_secure/port.o
                0x0800eb54                vPortSVCHandler_C
 *fill*         0x0800eb86        0x2 
 .text.pxPortInitialiseStack
                0x0800eb88      0x114 ./Middlewares/Third_Party/FreeRTOS/Source/portable/GCC/ARM_CM33_NTZ/non_secure/port.o
                0x0800eb88                pxPortInitialiseStack
 .text.xPortStartScheduler
                0x0800ec9c      0x12c ./Middlewares/Third_Party/FreeRTOS/Source/portable/GCC/ARM_CM33_NTZ/non_secure/port.o
                0x0800ec9c                xPortStartScheduler
 .text.vPortValidateInterruptPriority
                0x0800edc8       0x60 ./Middlewares/Third_Party/FreeRTOS/Source/portable/GCC/ARM_CM33_NTZ/non_secure/port.o
                0x0800edc8                vPortValidateInterruptPriority
 .text.vRestoreContextOfFirstTask
                0x0800ee28       0x34 ./Middlewares/Third_Party/FreeRTOS/Source/portable/GCC/ARM_CM33_NTZ/non_secure/portasm.o
                0x0800ee28                vRestoreContextOfFirstTask
 .text.vStartFirstTask
                0x0800ee5c       0x20 ./Middlewares/Third_Party/FreeRTOS/Source/portable/GCC/ARM_CM33_NTZ/non_secure/portasm.o
                0x0800ee5c                vStartFirstTask
 .text.ulSetInterruptMask
                0x0800ee7c       0x1a ./Middlewares/Third_Party/FreeRTOS/Source/portable/GCC/ARM_CM33_NTZ/non_secure/portasm.o
                0x0800ee7c                ulSetInterruptMask
 .text.vClearInterruptMask
                0x0800ee96       0x10 ./Middlewares/Third_Party/FreeRTOS/Source/portable/GCC/ARM_CM33_NTZ/non_secure/portasm.o
                0x0800ee96                vClearInterruptMask
 *fill*         0x0800eea6        0x2 
 .text.PendSV_Handler
                0x0800eea8       0x4c ./Middlewares/Third_Party/FreeRTOS/Source/portable/GCC/ARM_CM33_NTZ/non_secure/portasm.o
                0x0800eea8                PendSV_Handler
 .text.SVC_Handler
                0x0800eef4       0x18 ./Middlewares/Third_Party/FreeRTOS/Source/portable/GCC/ARM_CM33_NTZ/non_secure/portasm.o
                0x0800eef4                SVC_Handler
 .text.pvPortMalloc
                0x0800ef0c       0xa8 ./Middlewares/Third_Party/FreeRTOS/Source/portable/MemMang/heap_1.o
                0x0800ef0c                pvPortMalloc
 .text.vPortFree
                0x0800efb4       0x1e ./Middlewares/Third_Party/FreeRTOS/Source/portable/MemMang/heap_1.o
                0x0800efb4                vPortFree
 *fill*         0x0800efd2        0x2 
 .text.neai_classification_init
                0x0800efd4       0x30 C:\Users\Mati\Documents\proyectosSTM32\signal_classifier_rtos\signal_classifier_rtos\nanoEdgeAI\lib\libneai.a(neai_entry.o)
                0x0800efd4                neai_classification_init
 .text.neai_classification
                0x0800f004       0x40 C:\Users\Mati\Documents\proyectosSTM32\signal_classifier_rtos\signal_classifier_rtos\nanoEdgeAI\lib\libneai.a(neai_entry.o)
                0x0800f004                neai_classification
 .text.neai_get_number_of_classes
                0x0800f044        0x4 C:\Users\Mati\Documents\proyectosSTM32\signal_classifier_rtos\signal_classifier_rtos\nanoEdgeAI\lib\libneai.a(neai_entry.o)
                0x0800f044                neai_get_number_of_classes
 .text.neai_get_class_name
                0x0800f048       0x14 C:\Users\Mati\Documents\proyectosSTM32\signal_classifier_rtos\signal_classifier_rtos\nanoEdgeAI\lib\libneai.a(neai_entry.o)
                0x0800f048                neai_get_class_name
 .text.preprocessing_context_init
                0x0800f05c        0x4 C:\Users\Mati\Documents\proyectosSTM32\signal_classifier_rtos\signal_classifier_rtos\nanoEdgeAI\lib\libneai.a(preproc_params.o)
                0x0800f05c                preprocessing_context_init
 .text.preprocessing_chain_execute
                0x0800f060       0x2c C:\Users\Mati\Documents\proyectosSTM32\signal_classifier_rtos\signal_classifier_rtos\nanoEdgeAI\lib\libneai.a(preprocessing_chain.o)
                0x0800f060                preprocessing_chain_execute
 .text.apply_stft_from_interleaved
                0x0800f08c       0xd4 C:\Users\Mati\Documents\proyectosSTM32\signal_classifier_rtos\signal_classifier_rtos\nanoEdgeAI\lib\libneai.a(short_time_fft.o)
                0x0800f08c                apply_stft_from_interleaved
 .text.svm_init
                0x0800f160        0x4 C:\Users\Mati\Documents\proyectosSTM32\signal_classifier_rtos\signal_classifier_rtos\nanoEdgeAI\lib\libneai.a(svm.o)
                0x0800f160                svm_init
 .text.svm_classification
                0x0800f164       0x68 C:\Users\Mati\Documents\proyectosSTM32\signal_classifier_rtos\signal_classifier_rtos\nanoEdgeAI\lib\libneai.a(svm.o)
                0x0800f164                svm_classification
 .text.apply_window_function
                0x0800f1cc       0x2c C:\Users\Mati\Documents\proyectosSTM32\signal_classifier_rtos\signal_classifier_rtos\nanoEdgeAI\lib\libneai.a(window_functions.o)
                0x0800f1cc                apply_window_function
 .text.signal_rfft_f32
                0x0800f1f8       0x34 C:\Users\Mati\Documents\proyectosSTM32\signal_classifier_rtos\signal_classifier_rtos\nanoEdgeAI\lib\libneai.a(cmsis_signal_ops.o)
                0x0800f1f8                signal_rfft_f32
 .text.signal_cmplx_mag_f32
                0x0800f22c        0x4 C:\Users\Mati\Documents\proyectosSTM32\signal_classifier_rtos\signal_classifier_rtos\nanoEdgeAI\lib\libneai.a(cmsis_signal_ops.o)
                0x0800f22c                signal_cmplx_mag_f32
 .text.signal_scale_f32
                0x0800f230        0x4 C:\Users\Mati\Documents\proyectosSTM32\signal_classifier_rtos\signal_classifier_rtos\nanoEdgeAI\lib\libneai.a(cmsis_signal_ops.o)
                0x0800f230                signal_scale_f32
 .text.signal_mult_f32
                0x0800f234        0x4 C:\Users\Mati\Documents\proyectosSTM32\signal_classifier_rtos\signal_classifier_rtos\nanoEdgeAI\lib\libneai.a(cmsis_signal_ops.o)
                0x0800f234                signal_mult_f32
 .text.convert_to_frequency_domain_normalized
                0x0800f238       0x40 C:\Users\Mati\Documents\proyectosSTM32\signal_classifier_rtos\signal_classifier_rtos\nanoEdgeAI\lib\libneai.a(fft_utils.o)
                0x0800f238                convert_to_frequency_domain_normalized
 .text.lm_dot_prod_f32
                0x0800f278        0x4 C:\Users\Mati\Documents\proyectosSTM32\signal_classifier_rtos\signal_classifier_rtos\nanoEdgeAI\lib\libneai.a(neai_math.o)
                0x0800f278                lm_dot_prod_f32
 .text.softmax  0x0800f27c       0x6c C:\Users\Mati\Documents\proyectosSTM32\signal_classifier_rtos\signal_classifier_rtos\nanoEdgeAI\lib\libneai.a(neai_math.o)
                0x0800f27c                softmax
 .text.apply_pca
                0x0800f2e8       0xd0 C:\Users\Mati\Documents\proyectosSTM32\signal_classifier_rtos\signal_classifier_rtos\nanoEdgeAI\lib\libneai.a(pca.o)
                0x0800f2e8                apply_pca
 .text.arm_cmplx_mag_f32
                0x0800f3b8       0x44 C:\Users\Mati\Documents\proyectosSTM32\signal_classifier_rtos\signal_classifier_rtos\nanoEdgeAI\lib\libneai.a(arm_cmplx_mag_f32.o)
                0x0800f3b8                neai_arm_cmplx_mag_f32
 .text.arm_dot_prod_f32
                0x0800f3fc       0x24 C:\Users\Mati\Documents\proyectosSTM32\signal_classifier_rtos\signal_classifier_rtos\nanoEdgeAI\lib\libneai.a(arm_dot_prod_f32.o)
                0x0800f3fc                neai_arm_dot_prod_f32
 .text.arm_max_f32
                0x0800f420       0x48 C:\Users\Mati\Documents\proyectosSTM32\signal_classifier_rtos\signal_classifier_rtos\nanoEdgeAI\lib\libneai.a(arm_max_f32.o)
                0x0800f420                neai_arm_max_f32
 .text.arm_mult_f32
                0x0800f468       0x18 C:\Users\Mati\Documents\proyectosSTM32\signal_classifier_rtos\signal_classifier_rtos\nanoEdgeAI\lib\libneai.a(arm_mult_f32.o)
                0x0800f468                neai_arm_mult_f32
 .text.arm_rfft_fast_f32
                0x0800f480      0x188 C:\Users\Mati\Documents\proyectosSTM32\signal_classifier_rtos\signal_classifier_rtos\nanoEdgeAI\lib\libneai.a(arm_rfft_fast_f32.o)
                0x0800f480                neai_arm_rfft_fast_f32
 .text.arm_rfft_fast_init_f32
                0x0800f608       0x38 C:\Users\Mati\Documents\proyectosSTM32\signal_classifier_rtos\signal_classifier_rtos\nanoEdgeAI\lib\libneai.a(arm_rfft_fast_init_128_f32.o)
                0x0800f608                neai_arm_rfft_fast_init_f32
 .text.arm_scale_f32
                0x0800f640       0x14 C:\Users\Mati\Documents\proyectosSTM32\signal_classifier_rtos\signal_classifier_rtos\nanoEdgeAI\lib\libneai.a(arm_scale_f32.o)
                0x0800f640                neai_arm_scale_f32
 .text.arm_cfft_f32
                0x0800f654      0x748 C:\Users\Mati\Documents\proyectosSTM32\signal_classifier_rtos\signal_classifier_rtos\nanoEdgeAI\lib\libneai.a(arm_cfft_f32.o)
                0x0800f654                neai_arm_cfft_f32
 .text.arm_radix8_butterfly_f32
                0x0800fd9c      0x554 C:\Users\Mati\Documents\proyectosSTM32\signal_classifier_rtos\signal_classifier_rtos\nanoEdgeAI\lib\libneai.a(arm_cfft_radix8_f32.o)
                0x0800fd9c                neai_arm_radix8_butterfly_f32
 .text.arm_bitreversal_32
                0x080102f0       0x54 C:\Users\Mati\Documents\proyectosSTM32\signal_classifier_rtos\signal_classifier_rtos\nanoEdgeAI\lib\libneai.a(arm_bitreversal2.o)
                0x080102f0                neai_arm_bitreversal_32
 .text.atoi     0x08010344        0x8 D:/Programas/STM32CubeIDE_2.1.0/STM32CubeIDE/plugins/com.st.stm32cube.ide.mcu.externaltools.gnu-tools-for-stm32.14.3.rel1.win32_1.0.100.202602081740/tools/bin/../lib/gcc/arm-none-eabi/14.3.1/../../../../arm-none-eabi/lib/thumb/v8-m.main+fp/hard\libc_nano.a(libc_a-atoi.o)
                0x08010344                atoi
 .text._strtol_l.isra.0
                0x0801034c       0xf4 D:/Programas/STM32CubeIDE_2.1.0/STM32CubeIDE/plugins/com.st.stm32cube.ide.mcu.externaltools.gnu-tools-for-stm32.14.3.rel1.win32_1.0.100.202602081740/tools/bin/../lib/gcc/arm-none-eabi/14.3.1/../../../../arm-none-eabi/lib/thumb/v8-m.main+fp/hard\libc_nano.a(libc_a-strtol.o)
 .text._strtol_r
                0x08010440        0x4 D:/Programas/STM32CubeIDE_2.1.0/STM32CubeIDE/plugins/com.st.stm32cube.ide.mcu.externaltools.gnu-tools-for-stm32.14.3.rel1.win32_1.0.100.202602081740/tools/bin/../lib/gcc/arm-none-eabi/14.3.1/../../../../arm-none-eabi/lib/thumb/v8-m.main+fp/hard\libc_nano.a(libc_a-strtol.o)
                0x08010440                _strtol_r
 .text.strtol   0x08010444       0x14 D:/Programas/STM32CubeIDE_2.1.0/STM32CubeIDE/plugins/com.st.stm32cube.ide.mcu.externaltools.gnu-tools-for-stm32.14.3.rel1.win32_1.0.100.202602081740/tools/bin/../lib/gcc/arm-none-eabi/14.3.1/../../../../arm-none-eabi/lib/thumb/v8-m.main+fp/hard\libc_nano.a(libc_a-strtol.o)
                0x08010444                strtol
 .text.__sflush_r
                0x08010458      0x100 D:/Programas/STM32CubeIDE_2.1.0/STM32CubeIDE/plugins/com.st.stm32cube.ide.mcu.externaltools.gnu-tools-for-stm32.14.3.rel1.win32_1.0.100.202602081740/tools/bin/../lib/gcc/arm-none-eabi/14.3.1/../../../../arm-none-eabi/lib/thumb/v8-m.main+fp/hard\libc_nano.a(libc_a-fflush.o)
                0x08010458                __sflush_r
 .text._fflush_r
                0x08010558       0x50 D:/Programas/STM32CubeIDE_2.1.0/STM32CubeIDE/plugins/com.st.stm32cube.ide.mcu.externaltools.gnu-tools-for-stm32.14.3.rel1.win32_1.0.100.202602081740/tools/bin/../lib/gcc/arm-none-eabi/14.3.1/../../../../arm-none-eabi/lib/thumb/v8-m.main+fp/hard\libc_nano.a(libc_a-fflush.o)
                0x08010558                _fflush_r
 .text.fflush   0x080105a8       0x28 D:/Programas/STM32CubeIDE_2.1.0/STM32CubeIDE/plugins/com.st.stm32cube.ide.mcu.externaltools.gnu-tools-for-stm32.14.3.rel1.win32_1.0.100.202602081740/tools/bin/../lib/gcc/arm-none-eabi/14.3.1/../../../../arm-none-eabi/lib/thumb/v8-m.main+fp/hard\libc_nano.a(libc_a-fflush.o)
                0x080105a8                fflush
 .text.std      0x080105d0       0x6c D:/Programas/STM32CubeIDE_2.1.0/STM32CubeIDE/plugins/com.st.stm32cube.ide.mcu.externaltools.gnu-tools-for-stm32.14.3.rel1.win32_1.0.100.202602081740/tools/bin/../lib/gcc/arm-none-eabi/14.3.1/../../../../arm-none-eabi/lib/thumb/v8-m.main+fp/hard\libc_nano.a(libc_a-findfp.o)
 .text.stdio_exit_handler
                0x0801063c       0x18 D:/Programas/STM32CubeIDE_2.1.0/STM32CubeIDE/plugins/com.st.stm32cube.ide.mcu.externaltools.gnu-tools-for-stm32.14.3.rel1.win32_1.0.100.202602081740/tools/bin/../lib/gcc/arm-none-eabi/14.3.1/../../../../arm-none-eabi/lib/thumb/v8-m.main+fp/hard\libc_nano.a(libc_a-findfp.o)
 .text.cleanup_stdio
                0x08010654       0x40 D:/Programas/STM32CubeIDE_2.1.0/STM32CubeIDE/plugins/com.st.stm32cube.ide.mcu.externaltools.gnu-tools-for-stm32.14.3.rel1.win32_1.0.100.202602081740/tools/bin/../lib/gcc/arm-none-eabi/14.3.1/../../../../arm-none-eabi/lib/thumb/v8-m.main+fp/hard\libc_nano.a(libc_a-findfp.o)
 .text.global_stdio_init.part.0
                0x08010694       0x40 D:/Programas/STM32CubeIDE_2.1.0/STM32CubeIDE/plugins/com.st.stm32cube.ide.mcu.externaltools.gnu-tools-for-stm32.14.3.rel1.win32_1.0.100.202602081740/tools/bin/../lib/gcc/arm-none-eabi/14.3.1/../../../../arm-none-eabi/lib/thumb/v8-m.main+fp/hard\libc_nano.a(libc_a-findfp.o)
 .text.__sfp_lock_acquire
                0x080106d4        0xc D:/Programas/STM32CubeIDE_2.1.0/STM32CubeIDE/plugins/com.st.stm32cube.ide.mcu.externaltools.gnu-tools-for-stm32.14.3.rel1.win32_1.0.100.202602081740/tools/bin/../lib/gcc/arm-none-eabi/14.3.1/../../../../arm-none-eabi/lib/thumb/v8-m.main+fp/hard\libc_nano.a(libc_a-findfp.o)
                0x080106d4                __sfp_lock_acquire
 .text.__sfp_lock_release
                0x080106e0        0xc D:/Programas/STM32CubeIDE_2.1.0/STM32CubeIDE/plugins/com.st.stm32cube.ide.mcu.externaltools.gnu-tools-for-stm32.14.3.rel1.win32_1.0.100.202602081740/tools/bin/../lib/gcc/arm-none-eabi/14.3.1/../../../../arm-none-eabi/lib/thumb/v8-m.main+fp/hard\libc_nano.a(libc_a-findfp.o)
                0x080106e0                __sfp_lock_release
 .text.__sinit  0x080106ec       0x30 D:/Programas/STM32CubeIDE_2.1.0/STM32CubeIDE/plugins/com.st.stm32cube.ide.mcu.externaltools.gnu-tools-for-stm32.14.3.rel1.win32_1.0.100.202602081740/tools/bin/../lib/gcc/arm-none-eabi/14.3.1/../../../../arm-none-eabi/lib/thumb/v8-m.main+fp/hard\libc_nano.a(libc_a-findfp.o)
                0x080106ec                __sinit
 .text._fwalk_sglue
                0x0801071c       0x3c D:/Programas/STM32CubeIDE_2.1.0/STM32CubeIDE/plugins/com.st.stm32cube.ide.mcu.externaltools.gnu-tools-for-stm32.14.3.rel1.win32_1.0.100.202602081740/tools/bin/../lib/gcc/arm-none-eabi/14.3.1/../../../../arm-none-eabi/lib/thumb/v8-m.main+fp/hard\libc_nano.a(libc_a-fwalk.o)
                0x0801071c                _fwalk_sglue
 .text.printf   0x08010758       0x24 D:/Programas/STM32CubeIDE_2.1.0/STM32CubeIDE/plugins/com.st.stm32cube.ide.mcu.externaltools.gnu-tools-for-stm32.14.3.rel1.win32_1.0.100.202602081740/tools/bin/../lib/gcc/arm-none-eabi/14.3.1/../../../../arm-none-eabi/lib/thumb/v8-m.main+fp/hard\libc_nano.a(libc_a-printf.o)
                0x08010758                iprintf
                0x08010758                printf
 .text._puts_r  0x0801077c       0xaa D:/Programas/STM32CubeIDE_2.1.0/STM32CubeIDE/plugins/com.st.stm32cube.ide.mcu.externaltools.gnu-tools-for-stm32.14.3.rel1.win32_1.0.100.202602081740/tools/bin/../lib/gcc/arm-none-eabi/14.3.1/../../../../arm-none-eabi/lib/thumb/v8-m.main+fp/hard\libc_nano.a(libc_a-puts.o)
                0x0801077c                _puts_r
 *fill*         0x08010826        0x2 
 .text.puts     0x08010828       0x10 D:/Programas/STM32CubeIDE_2.1.0/STM32CubeIDE/plugins/com.st.stm32cube.ide.mcu.externaltools.gnu-tools-for-stm32.14.3.rel1.win32_1.0.100.202602081740/tools/bin/../lib/gcc/arm-none-eabi/14.3.1/../../../../arm-none-eabi/lib/thumb/v8-m.main+fp/hard\libc_nano.a(libc_a-puts.o)
                0x08010828                puts
 .text.scanf    0x08010838       0x24 D:/Programas/STM32CubeIDE_2.1.0/STM32CubeIDE/plugins/com.st.stm32cube.ide.mcu.externaltools.gnu-tools-for-stm32.14.3.rel1.win32_1.0.100.202602081740/tools/bin/../lib/gcc/arm-none-eabi/14.3.1/../../../../arm-none-eabi/lib/thumb/v8-m.main+fp/hard\libc_nano.a(libc_a-scanf.o)
                0x08010838                scanf
                0x08010838                iscanf
 .text.__sread  0x0801085c       0x22 D:/Programas/STM32CubeIDE_2.1.0/STM32CubeIDE/plugins/com.st.stm32cube.ide.mcu.externaltools.gnu-tools-for-stm32.14.3.rel1.win32_1.0.100.202602081740/tools/bin/../lib/gcc/arm-none-eabi/14.3.1/../../../../arm-none-eabi/lib/thumb/v8-m.main+fp/hard\libc_nano.a(libc_a-stdio.o)
                0x0801085c                __sread
 .text.__swrite
                0x0801087e       0x38 D:/Programas/STM32CubeIDE_2.1.0/STM32CubeIDE/plugins/com.st.stm32cube.ide.mcu.externaltools.gnu-tools-for-stm32.14.3.rel1.win32_1.0.100.202602081740/tools/bin/../lib/gcc/arm-none-eabi/14.3.1/../../../../arm-none-eabi/lib/thumb/v8-m.main+fp/hard\libc_nano.a(libc_a-stdio.o)
                0x0801087e                __swrite
 .text.__sseek  0x080108b6       0x26 D:/Programas/STM32CubeIDE_2.1.0/STM32CubeIDE/plugins/com.st.stm32cube.ide.mcu.externaltools.gnu-tools-for-stm32.14.3.rel1.win32_1.0.100.202602081740/tools/bin/../lib/gcc/arm-none-eabi/14.3.1/../../../../arm-none-eabi/lib/thumb/v8-m.main+fp/hard\libc_nano.a(libc_a-stdio.o)
                0x080108b6                __sseek
 .text.__sclose
                0x080108dc        0x8 D:/Programas/STM32CubeIDE_2.1.0/STM32CubeIDE/plugins/com.st.stm32cube.ide.mcu.externaltools.gnu-tools-for-stm32.14.3.rel1.win32_1.0.100.202602081740/tools/bin/../lib/gcc/arm-none-eabi/14.3.1/../../../../arm-none-eabi/lib/thumb/v8-m.main+fp/hard\libc_nano.a(libc_a-stdio.o)
                0x080108dc                __sclose
 .text.__swbuf_r
                0x080108e4       0x7c D:/Programas/STM32CubeIDE_2.1.0/STM32CubeIDE/plugins/com.st.stm32cube.ide.mcu.externaltools.gnu-tools-for-stm32.14.3.rel1.win32_1.0.100.202602081740/tools/bin/../lib/gcc/arm-none-eabi/14.3.1/../../../../arm-none-eabi/lib/thumb/v8-m.main+fp/hard\libc_nano.a(libc_a-wbuf.o)
                0x080108e4                __swbuf_r
 .text.__swsetup_r
                0x08010960       0xa8 D:/Programas/STM32CubeIDE_2.1.0/STM32CubeIDE/plugins/com.st.stm32cube.ide.mcu.externaltools.gnu-tools-for-stm32.14.3.rel1.win32_1.0.100.202602081740/tools/bin/../lib/gcc/arm-none-eabi/14.3.1/../../../../arm-none-eabi/lib/thumb/v8-m.main+fp/hard\libc_nano.a(libc_a-wsetup.o)
                0x08010960                __swsetup_r
 .text.memset   0x08010a08       0x10 D:/Programas/STM32CubeIDE_2.1.0/STM32CubeIDE/plugins/com.st.stm32cube.ide.mcu.externaltools.gnu-tools-for-stm32.14.3.rel1.win32_1.0.100.202602081740/tools/bin/../lib/gcc/arm-none-eabi/14.3.1/../../../../arm-none-eabi/lib/thumb/v8-m.main+fp/hard\libc_nano.a(libc_a-memset.o)
                0x08010a08                memset
 .text._close_r
                0x08010a18       0x20 D:/Programas/STM32CubeIDE_2.1.0/STM32CubeIDE/plugins/com.st.stm32cube.ide.mcu.externaltools.gnu-tools-for-stm32.14.3.rel1.win32_1.0.100.202602081740/tools/bin/../lib/gcc/arm-none-eabi/14.3.1/../../../../arm-none-eabi/lib/thumb/v8-m.main+fp/hard\libc_nano.a(libc_a-closer.o)
                0x08010a18                _close_r
 .text._lseek_r
                0x08010a38       0x24 D:/Programas/STM32CubeIDE_2.1.0/STM32CubeIDE/plugins/com.st.stm32cube.ide.mcu.externaltools.gnu-tools-for-stm32.14.3.rel1.win32_1.0.100.202602081740/tools/bin/../lib/gcc/arm-none-eabi/14.3.1/../../../../arm-none-eabi/lib/thumb/v8-m.main+fp/hard\libc_nano.a(libc_a-lseekr.o)
                0x08010a38                _lseek_r
 .text._read_r  0x08010a5c       0x24 D:/Programas/STM32CubeIDE_2.1.0/STM32CubeIDE/plugins/com.st.stm32cube.ide.mcu.externaltools.gnu-tools-for-stm32.14.3.rel1.win32_1.0.100.202602081740/tools/bin/../lib/gcc/arm-none-eabi/14.3.1/../../../../arm-none-eabi/lib/thumb/v8-m.main+fp/hard\libc_nano.a(libc_a-readr.o)
                0x08010a5c                _read_r
 .text._write_r
                0x08010a80       0x24 D:/Programas/STM32CubeIDE_2.1.0/STM32CubeIDE/plugins/com.st.stm32cube.ide.mcu.externaltools.gnu-tools-for-stm32.14.3.rel1.win32_1.0.100.202602081740/tools/bin/../lib/gcc/arm-none-eabi/14.3.1/../../../../arm-none-eabi/lib/thumb/v8-m.main+fp/hard\libc_nano.a(libc_a-writer.o)
                0x08010a80                _write_r
 .text.__errno  0x08010aa4        0xc D:/Programas/STM32CubeIDE_2.1.0/STM32CubeIDE/plugins/com.st.stm32cube.ide.mcu.externaltools.gnu-tools-for-stm32.14.3.rel1.win32_1.0.100.202602081740/tools/bin/../lib/gcc/arm-none-eabi/14.3.1/../../../../arm-none-eabi/lib/thumb/v8-m.main+fp/hard\libc_nano.a(libc_a-errno.o)
                0x08010aa4                __errno
 .text.__libc_init_array
                0x08010ab0       0x48 D:/Programas/STM32CubeIDE_2.1.0/STM32CubeIDE/plugins/com.st.stm32cube.ide.mcu.externaltools.gnu-tools-for-stm32.14.3.rel1.win32_1.0.100.202602081740/tools/bin/../lib/gcc/arm-none-eabi/14.3.1/../../../../arm-none-eabi/lib/thumb/v8-m.main+fp/hard\libc_nano.a(libc_a-init.o)
                0x08010ab0                __libc_init_array
 .text.__retarget_lock_init_recursive
                0x08010af8        0x2 D:/Programas/STM32CubeIDE_2.1.0/STM32CubeIDE/plugins/com.st.stm32cube.ide.mcu.externaltools.gnu-tools-for-stm32.14.3.rel1.win32_1.0.100.202602081740/tools/bin/../lib/gcc/arm-none-eabi/14.3.1/../../../../arm-none-eabi/lib/thumb/v8-m.main+fp/hard\libc_nano.a(libc_a-lock.o)
                0x08010af8                __retarget_lock_init_recursive
 .text.__retarget_lock_acquire_recursive
                0x08010afa        0x2 D:/Programas/STM32CubeIDE_2.1.0/STM32CubeIDE/plugins/com.st.stm32cube.ide.mcu.externaltools.gnu-tools-for-stm32.14.3.rel1.win32_1.0.100.202602081740/tools/bin/../lib/gcc/arm-none-eabi/14.3.1/../../../../arm-none-eabi/lib/thumb/v8-m.main+fp/hard\libc_nano.a(libc_a-lock.o)
                0x08010afa                __retarget_lock_acquire_recursive
 .text.__retarget_lock_release_recursive
                0x08010afc        0x2 D:/Programas/STM32CubeIDE_2.1.0/STM32CubeIDE/plugins/com.st.stm32cube.ide.mcu.externaltools.gnu-tools-for-stm32.14.3.rel1.win32_1.0.100.202602081740/tools/bin/../lib/gcc/arm-none-eabi/14.3.1/../../../../arm-none-eabi/lib/thumb/v8-m.main+fp/hard\libc_nano.a(libc_a-lock.o)
                0x08010afc                __retarget_lock_release_recursive
 .text.memcpy   0x08010afe       0x1a D:/Programas/STM32CubeIDE_2.1.0/STM32CubeIDE/plugins/com.st.stm32cube.ide.mcu.externaltools.gnu-tools-for-stm32.14.3.rel1.win32_1.0.100.202602081740/tools/bin/../lib/gcc/arm-none-eabi/14.3.1/../../../../arm-none-eabi/lib/thumb/v8-m.main+fp/hard\libc_nano.a(libc_a-memcpy-stub.o)
                0x08010afe                memcpy
 .text._free_r  0x08010b18       0x94 D:/Programas/STM32CubeIDE_2.1.0/STM32CubeIDE/plugins/com.st.stm32cube.ide.mcu.externaltools.gnu-tools-for-stm32.14.3.rel1.win32_1.0.100.202602081740/tools/bin/../lib/gcc/arm-none-eabi/14.3.1/../../../../arm-none-eabi/lib/thumb/v8-m.main+fp/hard\libc_nano.a(libc_a-freer.o)
                0x08010b18                _free_r
 .text.sbrk_aligned
                0x08010bac       0x44 D:/Programas/STM32CubeIDE_2.1.0/STM32CubeIDE/plugins/com.st.stm32cube.ide.mcu.externaltools.gnu-tools-for-stm32.14.3.rel1.win32_1.0.100.202602081740/tools/bin/../lib/gcc/arm-none-eabi/14.3.1/../../../../arm-none-eabi/lib/thumb/v8-m.main+fp/hard\libc_nano.a(libc_a-mallocr.o)
 .text._malloc_r
                0x08010bf0      0x100 D:/Programas/STM32CubeIDE_2.1.0/STM32CubeIDE/plugins/com.st.stm32cube.ide.mcu.externaltools.gnu-tools-for-stm32.14.3.rel1.win32_1.0.100.202602081740/tools/bin/../lib/gcc/arm-none-eabi/14.3.1/../../../../arm-none-eabi/lib/thumb/v8-m.main+fp/hard\libc_nano.a(libc_a-mallocr.o)
                0x08010bf0                _malloc_r
 .text.__malloc_lock
                0x08010cf0        0xc D:/Programas/STM32CubeIDE_2.1.0/STM32CubeIDE/plugins/com.st.stm32cube.ide.mcu.externaltools.gnu-tools-for-stm32.14.3.rel1.win32_1.0.100.202602081740/tools/bin/../lib/gcc/arm-none-eabi/14.3.1/../../../../arm-none-eabi/lib/thumb/v8-m.main+fp/hard\libc_nano.a(libc_a-mlock.o)
                0x08010cf0                __malloc_lock
 .text.__malloc_unlock
                0x08010cfc        0xc D:/Programas/STM32CubeIDE_2.1.0/STM32CubeIDE/plugins/com.st.stm32cube.ide.mcu.externaltools.gnu-tools-for-stm32.14.3.rel1.win32_1.0.100.202602081740/tools/bin/../lib/gcc/arm-none-eabi/14.3.1/../../../../arm-none-eabi/lib/thumb/v8-m.main+fp/hard\libc_nano.a(libc_a-mlock.o)
                0x08010cfc                __malloc_unlock
 .text.__sfputc_r
                0x08010d08       0x2e D:/Programas/STM32CubeIDE_2.1.0/STM32CubeIDE/plugins/com.st.stm32cube.ide.mcu.externaltools.gnu-tools-for-stm32.14.3.rel1.win32_1.0.100.202602081740/tools/bin/../lib/gcc/arm-none-eabi/14.3.1/../../../../arm-none-eabi/lib/thumb/v8-m.main+fp/hard\libc_nano.a(libc_a-nano-vfprintf.o)
 .text.__sfputs_r
                0x08010d36       0x24 D:/Programas/STM32CubeIDE_2.1.0/STM32CubeIDE/plugins/com.st.stm32cube.ide.mcu.externaltools.gnu-tools-for-stm32.14.3.rel1.win32_1.0.100.202602081740/tools/bin/../lib/gcc/arm-none-eabi/14.3.1/../../../../arm-none-eabi/lib/thumb/v8-m.main+fp/hard\libc_nano.a(libc_a-nano-vfprintf.o)
                0x08010d36                __sfputs_r
 *fill*         0x08010d5a        0x2 
 .text._vfprintf_r
                0x08010d5c      0x228 D:/Programas/STM32CubeIDE_2.1.0/STM32CubeIDE/plugins/com.st.stm32cube.ide.mcu.externaltools.gnu-tools-for-stm32.14.3.rel1.win32_1.0.100.202602081740/tools/bin/../lib/gcc/arm-none-eabi/14.3.1/../../../../arm-none-eabi/lib/thumb/v8-m.main+fp/hard\libc_nano.a(libc_a-nano-vfprintf.o)
                0x08010d5c                _vfprintf_r
                0x08010d5c                _vfiprintf_r
 .text._printf_common
                0x08010f84       0xe4 D:/Programas/STM32CubeIDE_2.1.0/STM32CubeIDE/plugins/com.st.stm32cube.ide.mcu.externaltools.gnu-tools-for-stm32.14.3.rel1.win32_1.0.100.202602081740/tools/bin/../lib/gcc/arm-none-eabi/14.3.1/../../../../arm-none-eabi/lib/thumb/v8-m.main+fp/hard\libc_nano.a(libc_a-nano-vfprintf_i.o)
                0x08010f84                _printf_common
 .text._printf_i
                0x08011068      0x24c D:/Programas/STM32CubeIDE_2.1.0/STM32CubeIDE/plugins/com.st.stm32cube.ide.mcu.externaltools.gnu-tools-for-stm32.14.3.rel1.win32_1.0.100.202602081740/tools/bin/../lib/gcc/arm-none-eabi/14.3.1/../../../../arm-none-eabi/lib/thumb/v8-m.main+fp/hard\libc_nano.a(libc_a-nano-vfprintf_i.o)
                0x08011068                _printf_i
 .text.__svfscanf_r
                0x080112b4      0x354 D:/Programas/STM32CubeIDE_2.1.0/STM32CubeIDE/plugins/com.st.stm32cube.ide.mcu.externaltools.gnu-tools-for-stm32.14.3.rel1.win32_1.0.100.202602081740/tools/bin/../lib/gcc/arm-none-eabi/14.3.1/../../../../arm-none-eabi/lib/thumb/v8-m.main+fp/hard\libc_nano.a(libc_a-nano-vfscanf.o)
                0x080112b4                __svfscanf_r
                0x080112b4                __svfiscanf_r
 .text._vfscanf_r
                0x08011608       0x26 D:/Programas/STM32CubeIDE_2.1.0/STM32CubeIDE/plugins/com.st.stm32cube.ide.mcu.externaltools.gnu-tools-for-stm32.14.3.rel1.win32_1.0.100.202602081740/tools/bin/../lib/gcc/arm-none-eabi/14.3.1/../../../../arm-none-eabi/lib/thumb/v8-m.main+fp/hard\libc_nano.a(libc_a-nano-vfscanf.o)
                0x08011608                _vfscanf_r
                0x08011608                _vfiscanf_r
 *fill*         0x0801162e        0x2 
 .text._scanf_chars
                0x08011630       0xb4 D:/Programas/STM32CubeIDE_2.1.0/STM32CubeIDE/plugins/com.st.stm32cube.ide.mcu.externaltools.gnu-tools-for-stm32.14.3.rel1.win32_1.0.100.202602081740/tools/bin/../lib/gcc/arm-none-eabi/14.3.1/../../../../arm-none-eabi/lib/thumb/v8-m.main+fp/hard\libc_nano.a(libc_a-nano-vfscanf_i.o)
                0x08011630                _scanf_chars
 .text._scanf_i
                0x080116e4      0x1e0 D:/Programas/STM32CubeIDE_2.1.0/STM32CubeIDE/plugins/com.st.stm32cube.ide.mcu.externaltools.gnu-tools-for-stm32.14.3.rel1.win32_1.0.100.202602081740/tools/bin/../lib/gcc/arm-none-eabi/14.3.1/../../../../arm-none-eabi/lib/thumb/v8-m.main+fp/hard\libc_nano.a(libc_a-nano-vfscanf_i.o)
                0x080116e4                _scanf_i
 .text.__swhatbuf_r
                0x080118c4       0x48 D:/Programas/STM32CubeIDE_2.1.0/STM32CubeIDE/plugins/com.st.stm32cube.ide.mcu.externaltools.gnu-tools-for-stm32.14.3.rel1.win32_1.0.100.202602081740/tools/bin/../lib/gcc/arm-none-eabi/14.3.1/../../../../arm-none-eabi/lib/thumb/v8-m.main+fp/hard\libc_nano.a(libc_a-makebuf.o)
                0x080118c4                __swhatbuf_r
 .text.__smakebuf_r
                0x0801190c       0x72 D:/Programas/STM32CubeIDE_2.1.0/STM32CubeIDE/plugins/com.st.stm32cube.ide.mcu.externaltools.gnu-tools-for-stm32.14.3.rel1.win32_1.0.100.202602081740/tools/bin/../lib/gcc/arm-none-eabi/14.3.1/../../../../arm-none-eabi/lib/thumb/v8-m.main+fp/hard\libc_nano.a(libc_a-makebuf.o)
                0x0801190c                __smakebuf_r
 *fill*         0x0801197e        0x2 
 .text.lflush   0x08011980       0x1c D:/Programas/STM32CubeIDE_2.1.0/STM32CubeIDE/plugins/com.st.stm32cube.ide.mcu.externaltools.gnu-tools-for-stm32.14.3.rel1.win32_1.0.100.202602081740/tools/bin/../lib/gcc/arm-none-eabi/14.3.1/../../../../arm-none-eabi/lib/thumb/v8-m.main+fp/hard\libc_nano.a(libc_a-refill.o)
 .text.__srefill_r
                0x0801199c       0xe4 D:/Programas/STM32CubeIDE_2.1.0/STM32CubeIDE/plugins/com.st.stm32cube.ide.mcu.externaltools.gnu-tools-for-stm32.14.3.rel1.win32_1.0.100.202602081740/tools/bin/../lib/gcc/arm-none-eabi/14.3.1/../../../../arm-none-eabi/lib/thumb/v8-m.main+fp/hard\libc_nano.a(libc_a-refill.o)
                0x0801199c                __srefill_r
 .text.__sccl   0x08011a80       0x72 D:/Programas/STM32CubeIDE_2.1.0/STM32CubeIDE/plugins/com.st.stm32cube.ide.mcu.externaltools.gnu-tools-for-stm32.14.3.rel1.win32_1.0.100.202602081740/tools/bin/../lib/gcc/arm-none-eabi/14.3.1/../../../../arm-none-eabi/lib/thumb/v8-m.main+fp/hard\libc_nano.a(libc_a-sccl.o)
                0x08011a80                __sccl
 .text.__submore
                0x08011af2       0x6e D:/Programas/STM32CubeIDE_2.1.0/STM32CubeIDE/plugins/com.st.stm32cube.ide.mcu.externaltools.gnu-tools-for-stm32.14.3.rel1.win32_1.0.100.202602081740/tools/bin/../lib/gcc/arm-none-eabi/14.3.1/../../../../arm-none-eabi/lib/thumb/v8-m.main+fp/hard\libc_nano.a(libc_a-ungetc.o)
                0x08011af2                __submore
 .text._ungetc_r
                0x08011b60      0x102 D:/Programas/STM32CubeIDE_2.1.0/STM32CubeIDE/plugins/com.st.stm32cube.ide.mcu.externaltools.gnu-tools-for-stm32.14.3.rel1.win32_1.0.100.202602081740/tools/bin/../lib/gcc/arm-none-eabi/14.3.1/../../../../arm-none-eabi/lib/thumb/v8-m.main+fp/hard\libc_nano.a(libc_a-ungetc.o)
                0x08011b60                _ungetc_r
 *fill*         0x08011c62        0x2 
 .text._fstat_r
                0x08011c64       0x24 D:/Programas/STM32CubeIDE_2.1.0/STM32CubeIDE/plugins/com.st.stm32cube.ide.mcu.externaltools.gnu-tools-for-stm32.14.3.rel1.win32_1.0.100.202602081740/tools/bin/../lib/gcc/arm-none-eabi/14.3.1/../../../../arm-none-eabi/lib/thumb/v8-m.main+fp/hard\libc_nano.a(libc_a-fstatr.o)
                0x08011c64                _fstat_r
 .text._isatty_r
                0x08011c88       0x20 D:/Programas/STM32CubeIDE_2.1.0/STM32CubeIDE/plugins/com.st.stm32cube.ide.mcu.externaltools.gnu-tools-for-stm32.14.3.rel1.win32_1.0.100.202602081740/tools/bin/../lib/gcc/arm-none-eabi/14.3.1/../../../../arm-none-eabi/lib/thumb/v8-m.main+fp/hard\libc_nano.a(libc_a-isattyr.o)
                0x08011c88                _isatty_r
 .text._sbrk_r  0x08011ca8       0x20 D:/Programas/STM32CubeIDE_2.1.0/STM32CubeIDE/plugins/com.st.stm32cube.ide.mcu.externaltools.gnu-tools-for-stm32.14.3.rel1.win32_1.0.100.202602081740/tools/bin/../lib/gcc/arm-none-eabi/14.3.1/../../../../arm-none-eabi/lib/thumb/v8-m.main+fp/hard\libc_nano.a(libc_a-sbrkr.o)
                0x08011ca8                _sbrk_r
 .text.memchr   0x08011cc8       0x1c D:/Programas/STM32CubeIDE_2.1.0/STM32CubeIDE/plugins/com.st.stm32cube.ide.mcu.externaltools.gnu-tools-for-stm32.14.3.rel1.win32_1.0.100.202602081740/tools/bin/../lib/gcc/arm-none-eabi/14.3.1/../../../../arm-none-eabi/lib/thumb/v8-m.main+fp/hard\libc_nano.a(libc_a-memchr-stub.o)
                0x08011cc8                memchr
 .text._realloc_r
                0x08011ce4       0x5c D:/Programas/STM32CubeIDE_2.1.0/STM32CubeIDE/plugins/com.st.stm32cube.ide.mcu.externaltools.gnu-tools-for-stm32.14.3.rel1.win32_1.0.100.202602081740/tools/bin/../lib/gcc/arm-none-eabi/14.3.1/../../../../arm-none-eabi/lib/thumb/v8-m.main+fp/hard\libc_nano.a(libc_a-reallocr.o)
                0x08011ce4                _realloc_r
 .text._strtoul_l.isra.0