../Core/Src/main.c:39:5:_read	32	static
../Core/Src/main.c:113:5:main	8	static
../Core/Src/main.c:197:6:SystemClock_Config	128	static
../Core/Src/main.c:248:13:SystemPower_Config	8	static
../Core/Src/main.c:272:13:MX_ADC1_Init	40	static
../Core/Src/main.c:333:13:MX_DAC1_Init	64	static
../Core/Src/main.c:388:13:MX_GPDMA1_Init	16	static
../Core/Src/main.c:418:13:MX_ICACHE_Init	8	static
../Core/Src/main.c:450:13:MX_RNG_Init	8	static
../Core/Src/main.c:477:13:MX_TIM2_Init	40	static
../Core/Src/main.c:523:13:MX_TIM15_Init	40	static
../Core/Src/main.c:569:13:MX_GPIO_Init	40	static
../Core/Src/main.c:607:6:HAL_TIM_PeriodElapsedCallback	16	static
../Core/Src/main.c:625:6:Error_Handler	4	static,ignoring_inline_asm
