../Core/Src/main.c:39:5:_read	32	static
../Core/Src/main.c:119:5:main	8	static
../Core/Src/main.c:208:6:SystemClock_Config	128	static
../Core/Src/main.c:259:13:SystemPower_Config	8	static
../Core/Src/main.c:283:13:MX_ADC1_Init	40	static
../Core/Src/main.c:344:13:MX_DAC1_Init	64	static
../Core/Src/main.c:399:13:MX_GPDMA1_Init	16	static
../Core/Src/main.c:429:13:MX_ICACHE_Init	8	static
../Core/Src/main.c:461:13:MX_RNG_Init	8	static
../Core/Src/main.c:488:13:MX_TIM2_Init	40	static
../Core/Src/main.c:534:13:MX_TIM4_Init	40	static
../Core/Src/main.c:579:13:MX_TIM15_Init	40	static
../Core/Src/main.c:625:13:MX_GPIO_Init	40	static
../Core/Src/main.c:663:6:HAL_TIM_PeriodElapsedCallback	16	static
../Core/Src/main.c:687:6:Error_Handler	4	static,ignoring_inline_asm
